Component: ARM Compiler 5.06 update 6 (build 750) Tool: armlink [4d35ed]

==============================================================================

Section Cross References

    startup_stm32f407xx.o(RESET) refers to startup_stm32f407xx.o(STACK) for __initial_sp
    startup_stm32f407xx.o(RESET) refers to startup_stm32f407xx.o(.text) for Reset_Handler
    startup_stm32f407xx.o(RESET) refers to stm32f4xx_it.o(i.NMI_Handler) for NMI_Handler
    startup_stm32f407xx.o(RESET) refers to stm32f4xx_it.o(i.HardFault_Handler) for HardFault_Handler
    startup_stm32f407xx.o(RESET) refers to stm32f4xx_it.o(i.MemManage_Handler) for MemManage_Handler
    startup_stm32f407xx.o(RESET) refers to stm32f4xx_it.o(i.BusFault_Handler) for BusFault_Handler
    startup_stm32f407xx.o(RESET) refers to stm32f4xx_it.o(i.UsageFault_Handler) for UsageFault_Handler
    startup_stm32f407xx.o(RESET) refers to stm32f4xx_it.o(i.SVC_Handler) for SVC_Handler
    startup_stm32f407xx.o(RESET) refers to stm32f4xx_it.o(i.DebugMon_Handler) for DebugMon_Handler
    startup_stm32f407xx.o(RESET) refers to stm32f4xx_it.o(i.PendSV_Handler) for PendSV_Handler
    startup_stm32f407xx.o(RESET) refers to stm32f4xx_it.o(i.SysTick_Handler) for SysTick_Handler
    startup_stm32f407xx.o(RESET) refers to stm32f4xx_it.o(i.USART1_IRQHandler) for USART1_IRQHandler
    startup_stm32f407xx.o(RESET) refers to stm32f4xx_it.o(i.USART2_IRQHandler) for USART2_IRQHandler
    startup_stm32f407xx.o(RESET) refers to stm32f4xx_it.o(i.TIM8_UP_TIM13_IRQHandler) for TIM8_UP_TIM13_IRQHandler
    startup_stm32f407xx.o(RESET) refers to stm32f4xx_it.o(i.TIM8_TRG_COM_TIM14_IRQHandler) for TIM8_TRG_COM_TIM14_IRQHandler
    startup_stm32f407xx.o(.text) refers to system_stm32f4xx.o(i.SystemInit) for SystemInit
    startup_stm32f407xx.o(.text) refers to entry.o(.ARM.Collect$$$$00000000) for __main
    oled.o(i.Draw_Circle) refers to oled.o(i.LCD_DrawPoint) for LCD_DrawPoint
    oled.o(i.LCD_Address_Set) refers to oled.o(i.LCD_WR_REG) for LCD_WR_REG
    oled.o(i.LCD_Address_Set) refers to oled.o(i.LCD_WR_DATA) for LCD_WR_DATA
    oled.o(i.LCD_Clear) refers to oled.o(i.LCD_Address_Set) for LCD_Address_Set
    oled.o(i.LCD_Clear) refers to oled.o(i.LCD_WR_DATA) for LCD_WR_DATA
    oled.o(i.LCD_DrawLine) refers to oled.o(i.LCD_DrawPoint) for LCD_DrawPoint
    oled.o(i.LCD_DrawPoint) refers to oled.o(i.LCD_Address_Set) for LCD_Address_Set
    oled.o(i.LCD_DrawPoint) refers to oled.o(i.LCD_WR_DATA) for LCD_WR_DATA
    oled.o(i.LCD_DrawPoint_big) refers to oled.o(i.LCD_Fill) for LCD_Fill
    oled.o(i.LCD_DrawRectangle) refers to oled.o(i.LCD_DrawLine) for LCD_DrawLine
    oled.o(i.LCD_Fill) refers to oled.o(i.LCD_Address_Set) for LCD_Address_Set
    oled.o(i.LCD_Fill) refers to oled.o(i.LCD_WR_DATA) for LCD_WR_DATA
    oled.o(i.LCD_ShowChar) refers to oled.o(i.LCD_Address_Set) for LCD_Address_Set
    oled.o(i.LCD_ShowChar) refers to oled.o(i.LCD_DrawPoint) for LCD_DrawPoint
    oled.o(i.LCD_ShowChar) refers to oled.o(i.LCD_WR_DATA) for LCD_WR_DATA
    oled.o(i.LCD_ShowChar) refers to oled.o(.constdata) for .constdata
    oled.o(i.LCD_ShowChar) refers to oled.o(.data) for .data
    oled.o(i.LCD_ShowChinese) refers to oled.o(i.LCD_Address_Set) for LCD_Address_Set
    oled.o(i.LCD_ShowChinese) refers to oled.o(i.LCD_WR_DATA) for LCD_WR_DATA
    oled.o(i.LCD_ShowChinese) refers to oled.o(.data) for .data
    oled.o(i.LCD_ShowNum) refers to oled.o(i.mypow) for mypow
    oled.o(i.LCD_ShowNum) refers to oled.o(i.LCD_ShowChar) for LCD_ShowChar
    oled.o(i.LCD_ShowNum1) refers to oled.o(i.mypow) for mypow
    oled.o(i.LCD_ShowNum1) refers to oled.o(i.LCD_ShowChar) for LCD_ShowChar
    oled.o(i.LCD_ShowPicture) refers to oled.o(i.LCD_Address_Set) for LCD_Address_Set
    oled.o(i.LCD_ShowPicture) refers to oled.o(i.LCD_WR_DATA8) for LCD_WR_DATA8
    oled.o(i.LCD_ShowPicture) refers to oled.o(.constdata) for .constdata
    oled.o(i.LCD_ShowString) refers to oled.o(i.LCD_Clear) for LCD_Clear
    oled.o(i.LCD_ShowString) refers to oled.o(i.LCD_ShowChar) for LCD_ShowChar
    oled.o(i.LCD_WR_DATA) refers to stm32f4xx_hal_gpio.o(i.HAL_GPIO_WritePin) for HAL_GPIO_WritePin
    oled.o(i.LCD_WR_DATA) refers to oled.o(i.LCD_Writ_Bus) for LCD_Writ_Bus
    oled.o(i.LCD_WR_DATA8) refers to stm32f4xx_hal_gpio.o(i.HAL_GPIO_WritePin) for HAL_GPIO_WritePin
    oled.o(i.LCD_WR_DATA8) refers to oled.o(i.LCD_Writ_Bus) for LCD_Writ_Bus
    oled.o(i.LCD_WR_REG) refers to stm32f4xx_hal_gpio.o(i.HAL_GPIO_WritePin) for HAL_GPIO_WritePin
    oled.o(i.LCD_WR_REG) refers to oled.o(i.LCD_Writ_Bus) for LCD_Writ_Bus
    oled.o(i.LCD_Writ_Bus) refers to stm32f4xx_hal_gpio.o(i.HAL_GPIO_WritePin) for HAL_GPIO_WritePin
    oled.o(i.Lcd_Init) refers to stm32f4xx_hal_gpio.o(i.HAL_GPIO_WritePin) for HAL_GPIO_WritePin
    oled.o(i.Lcd_Init) refers to stm32f4xx_hal.o(i.HAL_Delay) for HAL_Delay
    oled.o(i.Lcd_Init) refers to oled.o(i.LCD_WR_REG) for LCD_WR_REG
    oled.o(i.Lcd_Init) refers to oled.o(i.LCD_WR_DATA8) for LCD_WR_DATA8
[...]
    Removing stm32f4xx_hal_uart.o(i.HAL_HalfDuplex_EnableTransmitter), (50 bytes).
    Removing stm32f4xx_hal_uart.o(i.HAL_HalfDuplex_Init), (108 bytes).
    Removing stm32f4xx_hal_uart.o(i.HAL_LIN_Init), (128 bytes).
    Removing stm32f4xx_hal_uart.o(i.HAL_LIN_SendBreak), (46 bytes).
    Removing stm32f4xx_hal_uart.o(i.HAL_MultiProcessor_EnterMuteMode), (46 bytes).
    Removing stm32f4xx_hal_uart.o(i.HAL_MultiProcessor_ExitMuteMode), (46 bytes).
    Removing stm32f4xx_hal_uart.o(i.HAL_MultiProcessor_Init), (142 bytes).
    Removing stm32f4xx_hal_uart.o(i.HAL_UART_Abort), (138 bytes).
    Removing stm32f4xx_hal_uart.o(i.HAL_UART_AbortCpltCallback), (2 bytes).
    Removing stm32f4xx_hal_uart.o(i.HAL_UART_AbortReceive), (88 bytes).
    Removing stm32f4xx_hal_uart.o(i.HAL_UART_AbortReceiveCpltCallback), (2 bytes).
    Removing stm32f4xx_hal_uart.o(i.HAL_UART_AbortReceive_IT), (92 bytes).
    Removing stm32f4xx_hal_uart.o(i.HAL_UART_AbortTransmit), (78 bytes).
    Removing stm32f4xx_hal_uart.o(i.HAL_UART_AbortTransmitCpltCallback), (2 bytes).
    Removing stm32f4xx_hal_uart.o(i.HAL_UART_AbortTransmit_IT), (84 bytes).
    Removing stm32f4xx_hal_uart.o(i.HAL_UART_Abort_IT), (172 bytes).
    Removing stm32f4xx_hal_uart.o(i.HAL_UART_DMAPause), (102 bytes).
    Removing stm32f4xx_hal_uart.o(i.HAL_UART_DMAResume), (94 bytes).
    Removing stm32f4xx_hal_uart.o(i.HAL_UART_DMAStop), (88 bytes).
    Removing stm32f4xx_hal_uart.o(i.HAL_UART_DeInit), (50 bytes).
    Removing stm32f4xx_hal_uart.o(i.HAL_UART_GetError), (4 bytes).
    Removing stm32f4xx_hal_uart.o(i.HAL_UART_GetState), (10 bytes).
    Removing stm32f4xx_hal_uart.o(i.HAL_UART_MspDeInit), (2 bytes).
    Removing stm32f4xx_hal_uart.o(i.HAL_UART_MspInit), (2 bytes).
    Removing stm32f4xx_hal_uart.o(i.HAL_UART_Receive), (184 bytes).
    Removing stm32f4xx_hal_uart.o(i.HAL_UART_Receive_DMA), (152 bytes).
    Removing stm32f4xx_hal_uart.o(i.HAL_UART_Receive_IT), (82 bytes).
    Removing stm32f4xx_hal_uart.o(i.HAL_UART_RxHalfCpltCallback), (2 bytes).
    Removing stm32f4xx_hal_uart.o(i.HAL_UART_Transmit_DMA), (128 bytes).
    Removing stm32f4xx_hal_uart.o(i.HAL_UART_Transmit_IT), (62 bytes).
    Removing stm32f4xx_hal_uart.o(i.HAL_UART_TxHalfCpltCallback), (2 bytes).
    Removing stm32f4xx_hal_uart.o(i.UART_DMAError), (74 bytes).
    Removing stm32f4xx_hal_uart.o(i.UART_DMAReceiveCplt), (60 bytes).
    Removing stm32f4xx_hal_uart.o(i.UART_DMARxAbortCallback), (42 bytes).
    Removing stm32f4xx_hal_uart.o(i.UART_DMARxHalfCplt), (10 bytes).
    Removing stm32f4xx_hal_uart.o(i.UART_DMARxOnlyAbortCallback), (20 bytes).
    Removing stm32f4xx_hal_uart.o(i.UART_DMATransmitCplt), (46 bytes).
    Removing stm32f4xx_hal_uart.o(i.UART_DMATxAbortCallback), (42 bytes).
    Removing stm32f4xx_hal_uart.o(i.UART_DMATxHalfCplt), (10 bytes).
    Removing stm32f4xx_hal_uart.o(i.UART_DMATxOnlyAbortCallback), (20 bytes).
    Removing stm32f4xx_hal_uart.o(i.UART_EndTxTransfer), (18 bytes).
    Removing stm32f4xx_hal_hcd.o(.rev16_text), (4 bytes).
    Removing stm32f4xx_hal_hcd.o(.revsh_text), (4 bytes).
    Removing stm32f4xx_hal_hcd.o(.rrx_text), (6 bytes).
    Removing stm32f4xx_hal_hcd.o(i.HAL_HCD_Connect_Callback), (2 bytes).
    Removing stm32f4xx_hal_hcd.o(i.HAL_HCD_DeInit), (36 bytes).
    Removing stm32f4xx_hal_hcd.o(i.HAL_HCD_Disconnect_Callback), (2 bytes).
    Removing stm32f4xx_hal_hcd.o(i.HAL_HCD_GetCurrentFrame), (6 bytes).
    Removing stm32f4xx_hal_hcd.o(i.HAL_HCD_GetCurrentSpeed), (6 bytes).
    Removing stm32f4xx_hal_hcd.o(i.HAL_HCD_GetState), (6 bytes).
    Removing stm32f4xx_hal_hcd.o(i.HAL_HCD_HC_GetState), (14 bytes).
    Removing stm32f4xx_hal_hcd.o(i.HAL_HCD_HC_GetURBState), (14 bytes).
    Removing stm32f4xx_hal_hcd.o(i.HAL_HCD_HC_GetXferCount), (12 bytes).
    Removing stm32f4xx_hal_hcd.o(i.HAL_HCD_HC_Halt), (36 bytes).
    Removing stm32f4xx_hal_hcd.o(i.HAL_HCD_HC_Init), (114 bytes).
    Removing stm32f4xx_hal_hcd.o(i.HAL_HCD_HC_NotifyURBChange_Callback), (2 bytes).
    Removing stm32f4xx_hal_hcd.o(i.HAL_HCD_HC_SubmitRequest), (142 bytes).
    Removing stm32f4xx_hal_hcd.o(i.HAL_HCD_IRQHandler), (306 bytes).
    Removing stm32f4xx_hal_hcd.o(i.HAL_HCD_MspDeInit), (2 bytes).
    Removing stm32f4xx_hal_hcd.o(i.HAL_HCD_MspInit), (2 bytes).
    Removing stm32f4xx_hal_hcd.o(i.HAL_HCD_PortDisabled_Callback), (2 bytes).
    Removing stm32f4xx_hal_hcd.o(i.HAL_HCD_PortEnabled_Callback), (2 bytes).
    Removing stm32f4xx_hal_hcd.o(i.HAL_HCD_ResetPort), (6 bytes).
    Removing stm32f4xx_hal_hcd.o(i.HAL_HCD_SOF_Callback), (2 bytes).
    Removing stm32f4xx_hal_hcd.o(i.HAL_HCD_Start), (44 bytes).
    Removing stm32f4xx_hal_hcd.o(i.HAL_HCD_Stop), (36 bytes).
    Removing stm32f4xx_hal_hcd.o(i.HCD_HC_IN_IRQHandler), (556 bytes).
    Removing stm32f4xx_hal_hcd.o(i.HCD_HC_OUT_IRQHandler), (580 bytes).
    Removing stm32f4xx_hal_hcd.o(i.HCD_Port_IRQHandler), (184 bytes).
    Removing stm32f4xx_hal_hcd.o(i.HCD_RXQLVL_IRQHandler), (112 bytes).
    Removing stm32f4xx_ll_usb.o(.rev16_text), (4 bytes).
    Removing stm32f4xx_ll_usb.o(.revsh_text), (4 bytes).
    Removing stm32f4xx_ll_usb.o(.rrx_text), (6 bytes).
    Removing stm32f4xx_ll_usb.o(i.USB_ActivateDedicatedEndpoint), (144 bytes).
    Removing stm32f4xx_ll_usb.o(i.USB_ActivateEndpoint), (128 bytes).
    Removing stm32f4xx_ll_usb.o(i.USB_ActivateRemoteWakeup), (24 bytes).
    Removing stm32f4xx_ll_usb.o(i.USB_ActivateSetup), (52 bytes).
    Removing stm32f4xx_ll_usb.o(i.USB_ClearInterrupts), (8 bytes).
    Removing stm32f4xx_ll_usb.o(i.USB_DeActivateRemoteWakeup), (16 bytes).
    Removing stm32f4xx_ll_usb.o(i.USB_DeactivateDedicatedEndpoint), (86 bytes).
    Removing stm32f4xx_ll_usb.o(i.USB_DeactivateEndpoint), (128 bytes).
    Removing stm32f4xx_ll_usb.o(i.USB_DevConnect), (24 bytes).
    Removing stm32f4xx_ll_usb.o(i.USB_DevDisconnect), (24 bytes).
    Removing stm32f4xx_ll_usb.o(i.USB_DevInit), (396 bytes).
    Removing stm32f4xx_ll_usb.o(i.USB_DoPing), (36 bytes).
    Removing stm32f4xx_ll_usb.o(i.USB_EP0StartXfer), (280 bytes).
    Removing stm32f4xx_ll_usb.o(i.USB_EP0_OutStart), (88 bytes).
    Removing stm32f4xx_ll_usb.o(i.USB_EPClearStall), (88 bytes).
    Removing stm32f4xx_ll_usb.o(i.USB_EPSetStall), (88 bytes).
    Removing stm32f4xx_ll_usb.o(i.USB_EPStartXfer), (488 bytes).
    Removing stm32f4xx_ll_usb.o(i.USB_EnableGlobalInt), (12 bytes).
    Removing stm32f4xx_ll_usb.o(i.USB_GetCurrentFrame), (8 bytes).
    Removing stm32f4xx_ll_usb.o(i.USB_GetDevSpeed), (26 bytes).
    Removing stm32f4xx_ll_usb.o(i.USB_GetHostSpeed), (14 bytes).
    Removing stm32f4xx_ll_usb.o(i.USB_GetMode), (8 bytes).
    Removing stm32f4xx_ll_usb.o(i.USB_HC_Halt), (194 bytes).
    Removing stm32f4xx_ll_usb.o(i.USB_HC_Init), (240 bytes).
    Removing stm32f4xx_ll_usb.o(i.USB_HC_ReadInterrupt), (8 bytes).
    Removing stm32f4xx_ll_usb.o(i.USB_HC_StartXfer), (336 bytes).
    Removing stm32f4xx_ll_usb.o(i.USB_InitFSLSPClkSel), (54 bytes).
    Removing stm32f4xx_ll_usb.o(i.USB_ReadDevAllInEpInterrupt), (14 bytes).
    Removing stm32f4xx_ll_usb.o(i.USB_ReadDevAllOutEpInterrupt), (14 bytes).
    Removing stm32f4xx_ll_usb.o(i.USB_ReadDevInEPInterrupt), (36 bytes).
    Removing stm32f4xx_ll_usb.o(i.USB_ReadDevOutEPInterrupt), (16 bytes).
    Removing stm32f4xx_ll_usb.o(i.USB_ReadInterrupts), (8 bytes).
    Removing stm32f4xx_ll_usb.o(i.USB_ReadPacket), (28 bytes).
    Removing stm32f4xx_ll_usb.o(i.USB_ResetPort), (50 bytes).
    Removing stm32f4xx_ll_usb.o(i.USB_SetDevAddress), (34 bytes).
    Removing stm32f4xx_ll_usb.o(i.USB_SetDevSpeed), (14 bytes).
    Removing stm32f4xx_ll_usb.o(i.USB_SetTurnaroundTime), (232 bytes).
    Removing stm32f4xx_ll_usb.o(i.USB_StopDevice), (68 bytes).
    Removing stm32f4xx_ll_usb.o(i.USB_StopHost), (126 bytes).
    Removing stm32f4xx_ll_usb.o(i.USB_WritePacket), (36 bytes).
    Removing stm32f4xx_ll_usb.o(.data), (4 bytes).
    Removing system_stm32f4xx.o(.rev16_text), (4 bytes).
    Removing system_stm32f4xx.o(.revsh_text), (4 bytes).
    Removing system_stm32f4xx.o(.rrx_text), (6 bytes).
    Removing system_stm32f4xx.o(i.SystemCoreClockUpdate), (120 bytes).

589 unused section(s) (total 39780 bytes) removed from the image.

==============================================================================

Image Symbol Table

    Local Symbols

    Symbol Name                              Value     Ov Type        Size  Object(Section)

    ../Drivers/STM32F4xx_HAL_Driver/Src/stm32f4xx_hal.c 0x00000000   Number         0  stm32f4xx_hal.o ABSOLUTE
    ../Drivers/STM32F4xx_HAL_Driver/Src/stm32f4xx_hal_cortex.c 0x00000000   Number         0  stm32f4xx_hal_cortex.o ABSOLUTE
    ../Drivers/STM32F4xx_HAL_Driver/Src/stm32f4xx_hal_dma.c 0x00000000   Number         0  stm32f4xx_hal_dma.o ABSOLUTE
    ../Drivers/STM32F4xx_HAL_Driver/Src/stm32f4xx_hal_dma_ex.c 0x00000000   Number         0  stm32f4xx_hal_dma_ex.o ABSOLUTE
    ../Drivers/STM32F4xx_HAL_Driver/Src/stm32f4xx_hal_exti.c 0x00000000   Number         0  stm32f4xx_hal_exti.o ABSOLUTE
    ../Drivers/STM32F4xx_HAL_Driver/Src/stm32f4xx_hal_flash.c 0x00000000   Number         0  stm32f4xx_hal_flash.o ABSOLUTE
    ../Drivers/STM32F4xx_HAL_Driver/Src/stm32f4xx_hal_flash_ex.c 0x00000000   Number         0  stm32f4xx_hal_flash_ex.o ABSOLUTE
    ../Drivers/STM32F4xx_HAL_Driver/Src/stm32f4xx_hal_flash_ramfunc.c 0x00000000   Number         0  stm32f4xx_hal_flash_ramfunc.o ABSOLUTE
    ../Drivers/STM32F4xx_HAL_Driver/Src/stm32f4xx_hal_gpio.c 0x00000000   Number         0  stm32f4xx_hal_gpio.o ABSOLUTE
    ../Drivers/STM32F4xx_HAL_Driver/Src/stm32f4xx_hal_hcd.c 0x00000000   Number         0  stm32f4xx_hal_hcd.o ABSOLUTE
    ../Drivers/STM32F4xx_HAL_Driver/Src/stm32f4xx_hal_pwr.c 0x00000000   Number         0  stm32f4xx_hal_pwr.o ABSOLUTE
    ../Drivers/STM32F4xx_HAL_Driver/Src/stm32f4xx_hal_pwr_ex.c 0x00000000   Number         0  stm32f4xx_hal_pwr_ex.o ABSOLUTE
    ../Drivers/STM32F4xx_HAL_Driver/Src/stm32f4xx_hal_rcc.c 0x00000000   Number         0  stm32f4xx_hal_rcc.o ABSOLUTE
    ../Drivers/STM32F4xx_HAL_Driver/Src/stm32f4xx_hal_rcc_ex.c 0x00000000   Number         0  stm32f4xx_hal_rcc_ex.o ABSOLUTE
    ../Drivers/STM32F4xx_HAL_Driver/Src/stm32f4xx_hal_sd.c 0x00000000   Number         0  stm32f4xx_hal_sd.o ABSOLUTE
    ../Drivers/STM32F4xx_HAL_Driver/Src/stm32f4xx_hal_spi.c 0x00000000   Number         0  stm32f4xx_hal_spi.o ABSOLUTE
    ../Drivers/STM32F4xx_HAL_Driver/Src/stm32f4xx_hal_tim.c 0x00000000   Number         0  stm32f4xx_hal_tim.o ABSOLUTE
    ../Drivers/STM32F4xx_HAL_Driver/Src/stm32f4xx_hal_tim_ex.c 0x00000000   Number         0  stm32f4xx_hal_tim_ex.o ABSOLUTE
    ../Drivers/STM32F4xx_HAL_Driver/Src/stm32f4xx_hal_uart.c 0x00000000   Number         0  stm32f4xx_hal_uart.o ABSOLUTE
    ../Drivers/STM32F4xx_HAL_Driver/Src/stm32f4xx_ll_sdmmc.c 0x00000000   Number         0  stm32f4xx_ll_sdmmc.o ABSOLUTE
    ../Drivers/STM32F4xx_HAL_Driver/Src/stm32f4xx_ll_usb.c 0x00000000   Number         0  stm32f4xx_ll_usb.o ABSOLUTE
    ../Src/main.c                            0x00000000   Number         0  main.o ABSOLUTE
    ../Src/stm32f4xx_hal_msp.c               0x00000000   Number         0  stm32f4xx_hal_msp.o ABSOLUTE
    ../Src/stm32f4xx_it.c                    0x00000000   Number         0  stm32f4xx_it.o ABSOLUTE
    ../Src/system_stm32f4xx.c                0x00000000   Number         0  system_stm32f4xx.o ABSOLUTE
    ../clib/../cmprslib/zerorunl2.c          0x00000000   Number         0  __dczerorl2.o ABSOLUTE
    ../clib/microlib/division.c              0x00000000   Number         0  uldiv.o ABSOLUTE
    ../clib/microlib/init/entry.s            0x00000000   Number         0  entry8b.o ABSOLUTE
    ../clib/microlib/init/entry.s            0x00000000   Number         0  entry7a.o ABSOLUTE
    ../clib/microlib/init/entry.s            0x00000000   Number         0  entry7b.o ABSOLUTE
    ../clib/microlib/init/entry.s            0x00000000   Number         0  entry10b.o ABSOLUTE
    ../clib/microlib/init/entry.s            0x00000000   Number         0  entry11b.o ABSOLUTE
    ../clib/microlib/init/entry.s            0x00000000   Number         0  entry11a.o ABSOLUTE
    ../clib/microlib/init/entry.s            0x00000000   Number         0  entry9b.o ABSOLUTE
    ../clib/microlib/init/entry.s            0x00000000   Number         0  entry8a.o ABSOLUTE
    ../clib/microlib/init/entry.s            0x00000000   Number         0  entry.o ABSOLUTE
    ../clib/microlib/init/entry.s            0x00000000   Number         0  entry9a.o ABSOLUTE
    ../clib/microlib/init/entry.s            0x00000000   Number         0  entry10a.o ABSOLUTE
    ../clib/microlib/init/entry.s            0x00000000   Number         0  entry2.o ABSOLUTE
    ../clib/microlib/init/entry.s            0x00000000   Number         0  entry5.o ABSOLUTE
    ../clib/microlib/longlong.c              0x00000000   Number         0  llushr.o ABSOLUTE
    ../clib/microlib/longlong.c              0x00000000   Number         0  llshl.o ABSOLUTE
    ../clib/microlib/string/memcpy.c         0x00000000   Number         0  memcpya.o ABSOLUTE
    ../clib/microlib/string/memcpy.c         0x00000000   Number         0  memcpyb.o ABSOLUTE
    ../clib/microlib/string/memset.c         0x00000000   Number         0  memseta.o ABSOLUTE
    ..\Drivers\STM32F4xx_HAL_Driver\Src\stm32f4xx_hal.c 0x00000000   Number         0  stm32f4xx_hal.o ABSOLUTE
    ..\Drivers\STM32F4xx_HAL_Driver\Src\stm32f4xx_hal_cortex.c 0x00000000   Number         0  stm32f4xx_hal_cortex.o ABSOLUTE
    ..\Drivers\STM32F4xx_HAL_Driver\Src\stm32f4xx_hal_dma.c 0x00000000   Number         0  stm32f4xx_hal_dma.o ABSOLUTE
    ..\Drivers\STM32F4xx_HAL_Driver\Src\stm32f4xx_hal_dma_ex.c 0x00000000   Number         0  stm32f4xx_hal_dma_ex.o ABSOLUTE
    ..\Drivers\STM32F4xx_HAL_Driver\Src\stm32f4xx_hal_exti.c 0x00000000   Number         0  stm32f4xx_hal_exti.o ABSOLUTE
    ..\Drivers\STM32F4xx_HAL_Driver\Src\stm32f4xx_hal_flash.c 0x00000000   Number         0  stm32f4xx_hal_flash.o ABSOLUTE
    ..\Drivers\STM32F4xx_HAL_Driver\Src\stm32f4xx_hal_flash_ex.c 0x00000000   Number         0  stm32f4xx_hal_flash_ex.o ABSOLUTE
    ..\Drivers\STM32F4xx_HAL_Driver\Src\stm32f4xx_hal_flash_ramfunc.c 0x00000000   Number         0  stm32f4xx_hal_flash_ramfunc.o ABSOLUTE
    ..\Drivers\STM32F4xx_HAL_Driver\Src\stm32f4xx_hal_gpio.c 0x00000000   Number         0  stm32f4xx_hal_gpio.o ABSOLUTE
    ..\Drivers\STM32F4xx_HAL_Driver\Src\stm32f4xx_hal_hcd.c 0x00000000   Number         0  stm32f4xx_hal_hcd.o ABSOLUTE
    ..\Drivers\STM32F4xx_HAL_Driver\Src\stm32f4xx_hal_pwr.c 0x00000000   Number         0  stm32f4xx_hal_pwr.o ABSOLUTE
    ..\Drivers\STM32F4xx_HAL_Driver\Src\stm32f4xx_hal_pwr_ex.c 0x00000000   Number         0  stm32f4xx_hal_pwr_ex.o ABSOLUTE
    ..\Drivers\STM32F4xx_HAL_Driver\Src\stm32f4xx_hal_rcc.c 0x00000000   Number         0  stm32f4xx_hal_rcc.o ABSOLUTE
    ..\Drivers\STM32F4xx_HAL_Driver\Src\stm32f4xx_hal_rcc_ex.c 0x00000000   Number         0  stm32f4xx_hal_rcc_ex.o ABSOLUTE
    ..\Drivers\STM32F4xx_HAL_Driver\Src\stm32f4xx_hal_sd.c 0x00000000   Number         0  stm32f4xx_hal_sd.o ABSOLUTE
    ..\Drivers\STM32F4xx_HAL_Driver\Src\stm32f4xx_hal_spi.c 0x00000000   Number         0  stm32f4xx_hal_spi.o ABSOLUTE
    ..\Drivers\STM32F4xx_HAL_Driver\Src\stm32f4xx_hal_tim.c 0x00000000   Number         0  stm32f4xx_hal_tim.o ABSOLUTE
    ..\Drivers\STM32F4xx_HAL_Driver\Src\stm32f4xx_hal_tim_ex.c 0x00000000   Number         0  stm32f4xx_hal_tim_ex.o ABSOLUTE
    ..\Drivers\STM32F4xx_HAL_Driver\Src\stm32f4xx_hal_uart.c 0x00000000   Number         0  stm32f4xx_hal_uart.o ABSOLUTE
    ..\Drivers\STM32F4xx_HAL_Driver\Src\stm32f4xx_ll_sdmmc.c 0x00000000   Number         0  stm32f4xx_ll_sdmmc.o ABSOLUTE
    ..\Drivers\STM32F4xx_HAL_Driver\Src\stm32f4xx_ll_usb.c 0x00000000   Number         0  stm32f4xx_ll_usb.o ABSOLUTE
    ..\Src\key.c                             0x00000000   Number         0  key.o ABSOLUTE
    ..\Src\main.c                            0x00000000   Number         0  main.o ABSOLUTE
    ..\Src\motor.c                           0x00000000   Number         0  motor.o ABSOLUTE
    ..\Src\oled.c                            0x00000000   Number         0  oled.o ABSOLUTE
    ..\Src\stm32f4xx_hal_msp.c               0x00000000   Number         0  stm32f4xx_hal_msp.o ABSOLUTE
    ..\Src\stm32f4xx_it.c                    0x00000000   Number         0  stm32f4xx_it.o ABSOLUTE
    ..\Src\system_stm32f4xx.c                0x00000000   Number         0  system_stm32f4xx.o ABSOLUTE
    ..\\Src\\key.c                           0x00000000   Number         0  key.o ABSOLUTE
    ..\\Src\\motor.c                         0x00000000   Number         0  motor.o ABSOLUTE
    ..\\Src\\oled.c                          0x00000000   Number         0  oled.o ABSOLUTE
    dc.s                                     0x00000000   Number         0  dc.o ABSOLUTE
    handlers.s                               0x00000000   Number         0  handlers.o ABSOLUTE
    init.s                                   0x00000000   Number         0  init.o ABSOLUTE
    startup_stm32f407xx.s                    0x00000000   Number         0  startup_stm32f407xx.o ABSOLUTE
    RESET                                    0x08000000   Section      392  startup_stm32f407xx.o(RESET)
    .ARM.Collect$$$$00000000                 0x08000188   Section        0  entry.o(.ARM.Collect$$$$00000000)
    .ARM.Collect$$$$00000001                 0x08000188   Section        4  entry2.o(.ARM.Collect$$$$00000001)
    .ARM.Collect$$$$00000004                 0x0800018c   Section        4  entry5.o(.ARM.Collect$$$$00000004)
    .ARM.Collect$$$$00000008                 0x08000190   Section        0  entry7b.o(.ARM.Collect$$$$00000008)
    .ARM.Collect$$$$0000000A                 0x08000190   Section        0  entry8b.o(.ARM.Collect$$$$0000000A)
    .ARM.Collect$$$$0000000B                 0x08000190   Section        8  entry9a.o(.ARM.Collect$$$$0000000B)
    .ARM.Collect$$$$0000000D                 0x08000198   Section        0  entry10a.o(.ARM.Collect$$$$0000000D)
    .ARM.Collect$$$$0000000F                 0x08000198   Section        0  entry11a.o(.ARM.Collect$$$$0000000F)
    .ARM.Collect$$$$00002712                 0x08000198   Section        4  entry2.o(.ARM.Collect$$$$00002712)
    __lit__00000000                          0x08000198   Data           4  entry2.o(.ARM.Collect$$$$00002712)
    .text                                    0x0800019c   Section       36  startup_stm32f407xx.o(.text)
    $v0                                      0x0800019c   Number         0  startup_stm32f407xx.o(.text)
    .text                                    0x080001c0   Section        0  uldiv.o(.text)
    .text                                    0x08000222   Section        0  memcpya.o(.text)
    .text                                    0x08000246   Section        0  memseta.o(.text)
    .text                                    0x0800026a   Section        0  llshl.o(.text)
    .text                                    0x08000288   Section        0  llushr.o(.text)
    .text                                    0x080002a8   Section       36  init.o(.text)
    .text                                    0x080002cc   Section        0  __dczerorl2.o(.text)
    i.BusFault_Handler                       0x08000322   Section        0  stm32f4xx_it.o(i.BusFault_Handler)
    i.DebugMon_Handler                       0x08000324   Section        0  stm32f4xx_it.o(i.DebugMon_Handler)
    i.HAL_DMA_Abort_IT                       0x08000326   Section        0  stm32f4xx_hal_dma.o(i.HAL_DMA_Abort_IT)
    i.HAL_Delay                              0x0800034c   Section        0  stm32f4xx_hal.o(i.HAL_Delay)
    i.HAL_GPIO_Init                          0x08000370   Section        0  stm32f4xx_hal_gpio.o(i.HAL_GPIO_Init)
    i.HAL_GPIO_TogglePin                     0x08000520   Section        0  stm32f4xx_hal_gpio.o(i.HAL_GPIO_TogglePin)
    i.HAL_GPIO_WritePin                      0x0800052e   Section        0  stm32f4xx_hal_gpio.o(i.HAL_GPIO_WritePin)
    i.HAL_GetTick                            0x08000538   Section        0  stm32f4xx_hal.o(i.HAL_GetTick)
    i.HAL_HCD_Init                           0x08000544   Section        0  stm32f4xx_hal_hcd.o(i.HAL_HCD_Init)
    i.HAL_HCD_MspInit                        0x080005b8   Section        0  stm32f4xx_hal_msp.o(i.HAL_HCD_MspInit)
    i.HAL_IncTick                            0x0800062c   Section        0  stm32f4xx_hal.o(i.HAL_IncTick)
    i.HAL_Init                               0x0800063c   Section        0  stm32f4xx_hal.o(i.HAL_Init)
    i.HAL_InitTick                           0x08000670   Section        0  stm32f4xx_hal.o(i.HAL_InitTick)
    i.HAL_MspInit                            0x080006b0   Section        0  stm32f4xx_hal_msp.o(i.HAL_MspInit)
    i.HAL_NVIC_EnableIRQ                     0x080006e0   Section        0  stm32f4xx_hal_cortex.o(i.HAL_NVIC_EnableIRQ)
    i.HAL_NVIC_SetPriority                   0x080006fc   Section        0  stm32f4xx_hal_cortex.o(i.HAL_NVIC_SetPriority)
    i.HAL_NVIC_SetPriorityGrouping           0x0800073c   Section        0  stm32f4xx_hal_cortex.o(i.HAL_NVIC_SetPriorityGrouping)
    i.HAL_RCC_ClockConfig                    0x08000760   Section        0  stm32f4xx_hal_rcc.o(i.HAL_RCC_ClockConfig)
    i.HAL_RCC_GetPCLK1Freq                   0x08000890   Section        0  stm32f4xx_hal_rcc.o(i.HAL_RCC_GetPCLK1Freq)
    i.HAL_RCC_GetPCLK2Freq                   0x080008b0   Section        0  stm32f4xx_hal_rcc.o(i.HAL_RCC_GetPCLK2Freq)
    i.HAL_RCC_GetSysClockFreq                0x080008d0   Section        0  stm32f4xx_hal_rcc.o(i.HAL_RCC_GetSysClockFreq)
    i.HAL_RCC_OscConfig                      0x08000930   Section        0  stm32f4xx_hal_rcc.o(i.HAL_RCC_OscConfig)
    i.HAL_SD_ConfigWideBusOperation          0x08000c4c   Section        0  stm32f4xx_hal_sd.o(i.HAL_SD_ConfigWideBusOperation)
    i.HAL_SD_GetCardCSD                      0x08000cc4   Section        0  stm32f4xx_hal_sd.o(i.HAL_SD_GetCardCSD)
    i.HAL_SD_Init                            0x08000e9e   Section        0  stm32f4xx_hal_sd.o(i.HAL_SD_Init)
    i.HAL_SD_InitCard                        0x08000ed4   Section        0  stm32f4xx_hal_sd.o(i.HAL_SD_InitCard)
    i.HAL_SD_MspInit                         0x08000f28   Section        0  stm32f4xx_hal_msp.o(i.HAL_SD_MspInit)
    i.HAL_SPI_Init                           0x08000fbc   Section        0  stm32f4xx_hal_spi.o(i.HAL_SPI_Init)
    i.HAL_SPI_MspInit                        0x0800103c   Section        0  stm32f4xx_hal_msp.o(i.HAL_SPI_MspInit)
    i.HAL_SYSTICK_Config                     0x080010a4   Section        0  stm32f4xx_hal_cortex.o(i.HAL_SYSTICK_Config)
    i.HAL_TIMEx_BreakCallback                0x080010cc   Section        0  stm32f4xx_hal_tim_ex.o(i.HAL_TIMEx_BreakCallback)
    i.HAL_TIMEx_CommutCallback               0x080010ce   Section        0  stm32f4xx_hal_tim_ex.o(i.HAL_TIMEx_CommutCallback)
    i.HAL_TIMEx_MasterConfigSynchronization  0x080010d0   Section        0  stm32f4xx_hal_tim_ex.o(i.HAL_TIMEx_MasterConfigSynchronization)
    i.HAL_TIM_Base_Init                      0x08001112   Section        0  stm32f4xx_hal_tim.o(i.HAL_TIM_Base_Init)
    i.HAL_TIM_Base_MspInit                   0x08001148   Section        0  stm32f4xx_hal_msp.o(i.HAL_TIM_Base_MspInit)
    i.HAL_TIM_Base_Start_IT                  0x080011c4   Section        0  stm32f4xx_hal_tim.o(i.HAL_TIM_Base_Start_IT)
    i.HAL_TIM_ConfigClockSource              0x080011e6   Section        0  stm32f4xx_hal_tim.o(i.HAL_TIM_ConfigClockSource)
    i.HAL_TIM_Encoder_Init                   0x080012bc   Section        0  stm32f4xx_hal_tim.o(i.HAL_TIM_Encoder_Init)
    i.HAL_TIM_Encoder_MspInit                0x08001354   Section        0  stm32f4xx_hal_msp.o(i.HAL_TIM_Encoder_MspInit)
    i.HAL_TIM_Encoder_Start                  0x080013f8   Section        0  stm32f4xx_hal_tim.o(i.HAL_TIM_Encoder_Start)
    i.HAL_TIM_IC_CaptureCallback             0x0800142c   Section        0  stm32f4xx_hal_tim.o(i.HAL_TIM_IC_CaptureCallback)
    i.HAL_TIM_IRQHandler                     0x0800142e   Section        0  stm32f4xx_hal_tim.o(i.HAL_TIM_IRQHandler)
    i.HAL_TIM_MspPostInit                    0x08001594   Section        0  stm32f4xx_hal_msp.o(i.HAL_TIM_MspPostInit)
    i.HAL_TIM_OC_DelayElapsedCallback        0x080015e4   Section        0  stm32f4xx_hal_tim.o(i.HAL_TIM_OC_DelayElapsedCallback)
    i.HAL_TIM_PWM_ConfigChannel              0x080015e6   Section        0  stm32f4xx_hal_tim.o(i.HAL_TIM_PWM_ConfigChannel)
    i.HAL_TIM_PWM_Init                       0x080016b6   Section        0  stm32f4xx_hal_tim.o(i.HAL_TIM_PWM_Init)
    i.HAL_TIM_PWM_MspInit                    0x080016ec   Section        0  stm32f4xx_hal_msp.o(i.HAL_TIM_PWM_MspInit)
    i.HAL_TIM_PWM_PulseFinishedCallback      0x08001710   Section        0  stm32f4xx_hal_tim.o(i.HAL_TIM_PWM_PulseFinishedCallback)
    i.HAL_TIM_PWM_Start                      0x08001714   Section        0  stm32f4xx_hal_tim.o(i.HAL_TIM_PWM_Start)
    i.HAL_TIM_PeriodElapsedCallback          0x08001758   Section        0  main.o(i.HAL_TIM_PeriodElapsedCallback)
    i.HAL_TIM_TriggerCallback                0x080017bc   Section        0  stm32f4xx_hal_tim.o(i.HAL_TIM_TriggerCallback)
    i.HAL_UART_ErrorCallback                 0x080017be   Section        0  stm32f4xx_hal_uart.o(i.HAL_UART_ErrorCallback)
    i.HAL_UART_IRQHandler                    0x080017c0   Section        0  stm32f4xx_hal_uart.o(i.HAL_UART_IRQHandler)
    i.HAL_UART_Init                          0x080018d0   Section        0  stm32f4xx_hal_uart.o(i.HAL_UART_Init)
    i.HAL_UART_MspInit                       0x08001934   Section        0  stm32f4xx_hal_msp.o(i.HAL_UART_MspInit)
    i.HAL_UART_RxCpltCallback                0x080019f4   Section        0  stm32f4xx_hal_uart.o(i.HAL_UART_RxCpltCallback)
    i.HAL_UART_Transmit                      0x080019f6   Section        0  stm32f4xx_hal_uart.o(i.HAL_UART_Transmit)
    i.HAL_UART_TxCpltCallback                0x08001ab0   Section        0  stm32f4xx_hal_uart.o(i.HAL_UART_TxCpltCallback)
    i.HardFault_Handler                      0x08001ab2   Section        0  stm32f4xx_it.o(i.HardFault_Handler)
    i.LCD_Address_Set                        0x08001ab4   Section        0  oled.o(i.LCD_Address_Set)
    i.LCD_Clear                              0x08001af2   Section        0  oled.o(i.LCD_Clear)
    i.LCD_DrawPoint                          0x08001b1a   Section        0  oled.o(i.LCD_DrawPoint)
    i.LCD_ShowChar                           0x08001b30   Section        0  oled.o(i.LCD_ShowChar)
    i.LCD_ShowNum                            0x08001bdc   Section        0  oled.o(i.LCD_ShowNum)
    i.LCD_ShowString                         0x08001c46   Section        0  oled.o(i.LCD_ShowString)
    i.LCD_WR_DATA                            0x08001c8c   Section        0  oled.o(i.LCD_WR_DATA)
    i.LCD_WR_DATA8                           0x08001cb0   Section        0  oled.o(i.LCD_WR_DATA8)
    i.LCD_WR_REG                             0x08001ccc   Section        0  oled.o(i.LCD_WR_REG)
    i.LCD_Writ_Bus                           0x08001ce8   Section        0  oled.o(i.LCD_Writ_Bus)
    i.Lcd_Init                               0x08001d40   Section        0  oled.o(i.Lcd_Init)
    i.MX_GPIO_Init                           0x08001f94   Section        0  main.o(i.MX_GPIO_Init)
    MX_GPIO_Init                             0x08001f95   Thumb Code   228  main.o(i.MX_GPIO_Init)
    i.MX_SPI1_Init                           0x0800208c   Section        0  main.o(i.MX_SPI1_Init)
    MX_SPI1_Init                             0x0800208d   Thumb Code    44  main.o(i.MX_SPI1_Init)
    i.MX_TIM2_Init                           0x080020c0   Section        0  main.o(i.MX_TIM2_Init)
    MX_TIM2_Init                             0x080020c1   Thumb Code    96  main.o(i.MX_TIM2_Init)
    i.MX_TIM3_Init                           0x08002124   Section        0  main.o(i.MX_TIM3_Init)
    MX_TIM3_Init                             0x08002125   Thumb Code    86  main.o(i.MX_TIM3_Init)
    i.MX_TIM4_Init                           0x08002184   Section        0  main.o(i.MX_TIM4_Init)
    MX_TIM4_Init                             0x08002185   Thumb Code    86  main.o(i.MX_TIM4_Init)
    i.MX_TIM5_Init                           0x080021e4   Section        0  main.o(i.MX_TIM5_Init)
    MX_TIM5_Init                             0x080021e5   Thumb Code    72  main.o(i.MX_TIM5_Init)
    i.MemManage_Handler                      0x08002234   Section        0  stm32f4xx_it.o(i.MemManage_Handler)
    i.NMI_Handler                            0x08002236   Section        0  stm32f4xx_it.o(i.NMI_Handler)
    i.PendSV_Handler                         0x08002238   Section        0  stm32f4xx_it.o(i.PendSV_Handler)
    i.SDIO_ConfigData                        0x0800223a   Section        0  stm32f4xx_ll_sdmmc.o(i.SDIO_ConfigData)
    i.SDIO_GetPowerState                     0x0800225e   Section        0  stm32f4xx_ll_sdmmc.o(i.SDIO_GetPowerState)
    i.SDIO_GetResponse                       0x08002266   Section        0  stm32f4xx_ll_sdmmc.o(i.SDIO_GetResponse)
    i.SDIO_Init                              0x08002272   Section        0  stm32f4xx_ll_sdmmc.o(i.SDIO_Init)
    i.SDIO_PowerState_ON                     0x08002296   Section        0  stm32f4xx_ll_sdmmc.o(i.SDIO_PowerState_ON)
    i.SDIO_ReadFIFO                          0x0800229e   Section        0  stm32f4xx_ll_sdmmc.o(i.SDIO_ReadFIFO)
    i.SDIO_SendCommand                       0x080022a4   Section        0  stm32f4xx_ll_sdmmc.o(i.SDIO_SendCommand)
    i.SDMMC_CmdAppCommand                    0x080022c4   Section        0  stm32f4xx_ll_sdmmc.o(i.SDMMC_CmdAppCommand)
    i.SDMMC_CmdAppOperCommand                0x080022f8   Section        0  stm32f4xx_ll_sdmmc.o(i.SDMMC_CmdAppOperCommand)
    i.SDMMC_CmdBlockLength                   0x0800232c   Section        0  stm32f4xx_ll_sdmmc.o(i.SDMMC_CmdBlockLength)
    i.SDMMC_CmdBusWidth                      0x0800235e   Section        0  stm32f4xx_ll_sdmmc.o(i.SDMMC_CmdBusWidth)
    i.SDMMC_CmdGoIdleState                   0x08002390   Section        0  stm32f4xx_ll_sdmmc.o(i.SDMMC_CmdGoIdleState)
    i.SDMMC_CmdOperCond                      0x080023e0   Section        0  stm32f4xx_ll_sdmmc.o(i.SDMMC_CmdOperCond)
    i.SDMMC_CmdSelDesel                      0x08002448   Section        0  stm32f4xx_ll_sdmmc.o(i.SDMMC_CmdSelDesel)
    i.SDMMC_CmdSendCID                       0x0800247a   Section        0  stm32f4xx_ll_sdmmc.o(i.SDMMC_CmdSendCID)
    i.SDMMC_CmdSendCSD                       0x080024a6   Section        0  stm32f4xx_ll_sdmmc.o(i.SDMMC_CmdSendCSD)
    i.SDMMC_CmdSendSCR                       0x080024d2   Section        0  stm32f4xx_ll_sdmmc.o(i.SDMMC_CmdSendSCR)
    i.SDMMC_CmdSetRelAdd                     0x08002502   Section        0  stm32f4xx_ll_sdmmc.o(i.SDMMC_CmdSetRelAdd)
    i.SDMMC_GetCmdResp1                      0x08002534   Section        0  stm32f4xx_ll_sdmmc.o(i.SDMMC_GetCmdResp1)
    SDMMC_GetCmdResp1                        0x08002535   Thumb Code   276  stm32f4xx_ll_sdmmc.o(i.SDMMC_GetCmdResp1)
    i.SDMMC_GetCmdResp2                      0x08002650   Section        0  stm32f4xx_ll_sdmmc.o(i.SDMMC_GetCmdResp2)
    SDMMC_GetCmdResp2                        0x08002651   Thumb Code    74  stm32f4xx_ll_sdmmc.o(i.SDMMC_GetCmdResp2)
    i.SDMMC_GetCmdResp3                      0x080026a0   Section        0  stm32f4xx_ll_sdmmc.o(i.SDMMC_GetCmdResp3)
    SDMMC_GetCmdResp3                        0x080026a1   Thumb Code    60  stm32f4xx_ll_sdmmc.o(i.SDMMC_GetCmdResp3)
    i.SDMMC_GetCmdResp6                      0x080026e0   Section        0  stm32f4xx_ll_sdmmc.o(i.SDMMC_GetCmdResp6)
    SDMMC_GetCmdResp6                        0x080026e1   Thumb Code   128  stm32f4xx_ll_sdmmc.o(i.SDMMC_GetCmdResp6)
    i.SD_FindSCR                             0x08002764   Section        0  stm32f4xx_hal_sd.o(i.SD_FindSCR)
    SD_FindSCR                               0x08002765   Thumb Code   212  stm32f4xx_hal_sd.o(i.SD_FindSCR)
    i.SD_InitCard                            0x08002838   Section        0  stm32f4xx_hal_sd.o(i.SD_InitCard)
    SD_InitCard                              0x08002839   Thumb Code   230  stm32f4xx_hal_sd.o(i.SD_InitCard)
    i.SD_PowerON                             0x0800291e   Section        0  stm32f4xx_hal_sd.o(i.SD_PowerON)
    SD_PowerON                               0x0800291f   Thumb Code   162  stm32f4xx_hal_sd.o(i.SD_PowerON)
    i.SD_WideBus_Disable                     0x080029c0   Section        0  stm32f4xx_hal_sd.o(i.SD_WideBus_Disable)
    SD_WideBus_Disable                       0x080029c1   Thumb Code    78  stm32f4xx_hal_sd.o(i.SD_WideBus_Disable)
    i.SD_WideBus_Enable                      0x08002a0e   Section        0  stm32f4xx_hal_sd.o(i.SD_WideBus_Enable)
    SD_WideBus_Enable                        0x08002a0f   Thumb Code    78  stm32f4xx_hal_sd.o(i.SD_WideBus_Enable)
    i.SVC_Handler                            0x08002a5c   Section        0  stm32f4xx_it.o(i.SVC_Handler)
    i.SysTick_Handler                        0x08002a5e   Section        0  stm32f4xx_it.o(i.SysTick_Handler)
    i.SystemClock_Config                     0x08002a64   Section        0  main.o(i.SystemClock_Config)
    i.SystemInit                             0x08002ae8   Section        0  system_stm32f4xx.o(i.SystemInit)
    i.TIM8_TRG_COM_TIM14_IRQHandler          0x08002b3c   Section        0  stm32f4xx_it.o(i.TIM8_TRG_COM_TIM14_IRQHandler)
    i.TIM8_UP_TIM13_IRQHandler               0x08002b48   Section        0  stm32f4xx_it.o(i.TIM8_UP_TIM13_IRQHandler)
    i.TIM_Base_SetConfig                     0x08002b54   Section        0  stm32f4xx_hal_tim.o(i.TIM_Base_SetConfig)
    i.TIM_CCxChannelCmd                      0x08002c1c   Section        0  stm32f4xx_hal_tim.o(i.TIM_CCxChannelCmd)
    i.TIM_ETR_SetConfig                      0x08002c36   Section        0  stm32f4xx_hal_tim.o(i.TIM_ETR_SetConfig)
    i.TIM_ITRx_SetConfig                     0x08002c4a   Section        0  stm32f4xx_hal_tim.o(i.TIM_ITRx_SetConfig)
    TIM_ITRx_SetConfig                       0x08002c4b   Thumb Code    16  stm32f4xx_hal_tim.o(i.TIM_ITRx_SetConfig)
    i.TIM_OC1_SetConfig                      0x08002c5c   Section        0  stm32f4xx_hal_tim.o(i.TIM_OC1_SetConfig)
    TIM_OC1_SetConfig                        0x08002c5d   Thumb Code    88  stm32f4xx_hal_tim.o(i.TIM_OC1_SetConfig)
    i.TIM_OC2_SetConfig                      0x08002cbc   Section        0  stm32f4xx_hal_tim.o(i.TIM_OC2_SetConfig)
    i.TIM_OC3_SetConfig                      0x08002d28   Section        0  stm32f4xx_hal_tim.o(i.TIM_OC3_SetConfig)
    TIM_OC3_SetConfig                        0x08002d29   Thumb Code    96  stm32f4xx_hal_tim.o(i.TIM_OC3_SetConfig)
    i.TIM_OC4_SetConfig                      0x08002d90   Section        0  stm32f4xx_hal_tim.o(i.TIM_OC4_SetConfig)
    TIM_OC4_SetConfig                        0x08002d91   Thumb Code    70  stm32f4xx_hal_tim.o(i.TIM_OC4_SetConfig)
    i.TIM_TI1_ConfigInputStage               0x08002de0   Section        0  stm32f4xx_hal_tim.o(i.TIM_TI1_ConfigInputStage)
    TIM_TI1_ConfigInputStage                 0x08002de1   Thumb Code    34  stm32f4xx_hal_tim.o(i.TIM_TI1_ConfigInputStage)
    i.TIM_TI2_ConfigInputStage               0x08002e02   Section        0  stm32f4xx_hal_tim.o(i.TIM_TI2_ConfigInputStage)
    TIM_TI2_ConfigInputStage                 0x08002e03   Thumb Code    36  stm32f4xx_hal_tim.o(i.TIM_TI2_ConfigInputStage)
    i.UART_DMAAbortOnError                   0x08002e26   Section        0  stm32f4xx_hal_uart.o(i.UART_DMAAbortOnError)
    UART_DMAAbortOnError                     0x08002e27   Thumb Code    16  stm32f4xx_hal_uart.o(i.UART_DMAAbortOnError)
    i.UART_EndRxTransfer                     0x08002e36   Section        0  stm32f4xx_hal_uart.o(i.UART_EndRxTransfer)
    UART_EndRxTransfer                       0x08002e37   Thumb Code    28  stm32f4xx_hal_uart.o(i.UART_EndRxTransfer)
    i.UART_Receive_IT                        0x08002e52   Section        0  stm32f4xx_hal_uart.o(i.UART_Receive_IT)
    UART_Receive_IT                          0x08002e53   Thumb Code   150  stm32f4xx_hal_uart.o(i.UART_Receive_IT)
    i.UART_SetConfig                         0x08002ee8   Section        0  stm32f4xx_hal_uart.o(i.UART_SetConfig)
    UART_SetConfig                           0x08002ee9   Thumb Code   676  stm32f4xx_hal_uart.o(i.UART_SetConfig)
    i.UART_Transmit_IT                       0x08003194   Section        0  stm32f4xx_hal_uart.o(i.UART_Transmit_IT)
    UART_Transmit_IT                         0x08003195   Thumb Code    98  stm32f4xx_hal_uart.o(i.UART_Transmit_IT)
    i.UART_WaitOnFlagUntilTimeout            0x080031f6   Section        0  stm32f4xx_hal_uart.o(i.UART_WaitOnFlagUntilTimeout)
    UART_WaitOnFlagUntilTimeout              0x080031f7   Thumb Code   100  stm32f4xx_hal_uart.o(i.UART_WaitOnFlagUntilTimeout)
    i.USART1_IRQHandler                      0x0800325c   Section        0  stm32f4xx_it.o(i.USART1_IRQHandler)
    i.USART2_IRQHandler                      0x08003268   Section        0  stm32f4xx_it.o(i.USART2_IRQHandler)
    i.USB_CoreInit                           0x08003274   Section        0  stm32f4xx_ll_usb.o(i.USB_CoreInit)
    i.USB_CoreReset                          0x080032e8   Section        0  stm32f4xx_ll_usb.o(i.USB_CoreReset)
    USB_CoreReset                            0x080032e9   Thumb Code    50  stm32f4xx_ll_usb.o(i.USB_CoreReset)
    i.USB_DisableGlobalInt                   0x08003320   Section        0  stm32f4xx_ll_usb.o(i.USB_DisableGlobalInt)
    i.USB_DriveVbus                          0x0800332c   Section        0  stm32f4xx_ll_usb.o(i.USB_DriveVbus)
    i.USB_FlushRxFifo                        0x08003358   Section        0  stm32f4xx_ll_usb.o(i.USB_FlushRxFifo)
    i.USB_FlushTxFifo                        0x08003378   Section        0  stm32f4xx_ll_usb.o(i.USB_FlushTxFifo)
    i.USB_HostInit                           0x0800339c   Section        0  stm32f4xx_ll_usb.o(i.USB_HostInit)
    i.USB_SetCurrentMode                     0x08003474   Section        0  stm32f4xx_ll_usb.o(i.USB_SetCurrentMode)
    i.UsageFault_Handler                     0x080034a2   Section        0  stm32f4xx_it.o(i.UsageFault_Handler)
    i.__NVIC_SetPriority                     0x080034a4   Section        0  stm32f4xx_hal_cortex.o(i.__NVIC_SetPriority)
    __NVIC_SetPriority                       0x080034a5   Thumb Code    32  stm32f4xx_hal_cortex.o(i.__NVIC_SetPriority)
    i.__scatterload_copy                     0x080034c4   Section       14  handlers.o(i.__scatterload_copy)
    i.__scatterload_null                     0x080034d2   Section        2  handlers.o(i.__scatterload_null)
    i.__scatterload_zeroinit                 0x080034d4   Section       14  handlers.o(i.__scatterload_zeroinit)
    i.keyvalue                               0x080034e4   Section        0  key.o(i.keyvalue)
    i.main                                   0x08003520   Section        0  main.o(i.main)
    i.mypow                                  0x080036f4   Section        0  oled.o(i.mypow)
    i.user_pwm_setvalue                      0x08003704   Section        0  main.o(i.user_pwm_setvalue)
    .constdata                               0x0800374c   Section     4720  oled.o(.constdata)
    .constdata                               0x080049bc   Section       16  system_stm32f4xx.o(.constdata)
    .constdata                               0x080049cc   Section        8  system_stm32f4xx.o(.constdata)
    .data                                    0x20000000   Section      868  oled.o(.data)
    .data                                    0x20000364   Section        2  key.o(.data)
    .data                                    0x20000368   Section       29  main.o(.data)
    .data                                    0x20000388   Section       12  stm32f4xx_hal.o(.data)
    .data                                    0x20000394   Section        4  system_stm32f4xx.o(.data)
    .bss                                     0x20000398   Section     1440  main.o(.bss)
    STACK                                    0x20000938   Section     1024  startup_stm32f407xx.o(STACK)

    Global Symbols

    Symbol Name                              Value     Ov Type        Size  Object(Section)

    BuildAttributes$$THM_ISAv4$E$P$D$K$B$S$7EM$VFPi3$EXTD16$VFPS$VFMA$PE$A:L22UL41UL21$X:L11$S22US41US21$IEEE1$IW$USESV6$~STKCKD$USESV7$~SHL$OSPACE$EBA8$MICROLIB$REQ8$PRES8$EABIv2 0x00000000   Number         0  anon$$obj.o ABSOLUTE
    __ARM_use_no_argv                        0x00000000   Number         0  main.o ABSOLUTE
    __cpp_initialize__aeabi_                  - Undefined Weak Reference
    __cxa_finalize                            - Undefined Weak Reference
    _clock_init                               - Undefined Weak Reference
    _microlib_exit                            - Undefined Weak Reference
    __Vectors_Size                           0x00000188   Number         0  startup_stm32f407xx.o ABSOLUTE
    __Vectors                                0x08000000   Data           4  startup_stm32f407xx.o(RESET)
    __Vectors_End                            0x08000188   Data           0  startup_stm32f407xx.o(RESET)
    __main                                   0x08000189   Thumb Code     0  entry.o(.ARM.Collect$$$$00000000)
    _main_stk                                0x08000189   Thumb Code     0  entry2.o(.ARM.Collect$$$$00000001)
    _main_scatterload                        0x0800018d   Thumb Code     0  entry5.o(.ARM.Collect$$$$00000004)
    __main_after_scatterload                 0x08000191   Thumb Code     0  entry5.o(.ARM.Collect$$$$00000004)
    _main_clock                              0x08000191   Thumb Code     0  entry7b.o(.ARM.Collect$$$$00000008)
    _main_cpp_init                           0x08000191   Thumb Code     0  entry8b.o(.ARM.Collect$$$$0000000A)
    _main_init                               0x08000191   Thumb Code     0  entry9a.o(.ARM.Collect$$$$0000000B)
    __rt_final_cpp                           0x08000199   Thumb Code     0  entry10a.o(.ARM.Collect$$$$0000000D)
    __rt_final_exit                          0x08000199   Thumb Code     0  entry11a.o(.ARM.Collect$$$$0000000F)
    Reset_Handler                            0x0800019d   Thumb Code     8  startup_stm32f407xx.o(.text)
    ADC_IRQHandler                           0x080001b7   Thumb Code     0  startup_stm32f407xx.o(.text)
    CAN1_RX0_IRQHandler                      0x080001b7   Thumb Code     0  startup_stm32f407xx.o(.text)
    CAN1_RX1_IRQHandler                      0x080001b7   Thumb Code     0  startup_stm32f407xx.o(.text)
    CAN1_SCE_IRQHandler                      0x080001b7   Thumb Code     0  startup_stm32f407xx.o(.text)
    CAN1_TX_IRQHandler                       0x080001b7   Thumb Code     0  startup_stm32f407xx.o(.text)
    CAN2_RX0_IRQHandler                      0x080001b7   Thumb Code     0  startup_stm32f407xx.o(.text)
    CAN2_RX1_IRQHandler                      0x080001b7   Thumb Code     0  startup_stm32f407xx.o(.text)
    CAN2_SCE_IRQHandler                      0x080001b7   Thumb Code     0  startup_stm32f407xx.o(.text)
    CAN2_TX_IRQHandler                       0x080001b7   Thumb Code     0  startup_stm32f407xx.o(.text)
    DCMI_IRQHandler                          0x080001b7   Thumb Code     0  startup_stm32f407xx.o(.text)
    DMA1_Stream0_IRQHandler                  0x080001b7   Thumb Code     0  startup_stm32f407xx.o(.text)
    DMA1_Stream1_IRQHandler                  0x080001b7   Thumb Code     0  startup_stm32f407xx.o(.text)
    DMA1_Stream2_IRQHandler                  0x080001b7   Thumb Code     0  startup_stm32f407xx.o(.text)
    DMA1_Stream3_IRQHandler                  0x080001b7   Thumb Code     0  startup_stm32f407xx.o(.text)
    DMA1_Stream4_IRQHandler                  0x080001b7   Thumb Code     0  startup_stm32f407xx.o(.text)
    DMA1_Stream5_IRQHandler                  0x080001b7   Thumb Code     0  startup_stm32f407xx.o(.text)
    DMA1_Stream6_IRQHandler                  0x080001b7   Thumb Code     0  startup_stm32f407xx.o(.text)
    DMA1_Stream7_IRQHandler                  0x080001b7   Thumb Code     0  startup_stm32f407xx.o(.text)
    DMA2_Stream0_IRQHandler                  0x080001b7   Thumb Code     0  startup_stm32f407xx.o(.text)
    DMA2_Stream1_IRQHandler                  0x080001b7   Thumb Code     0  startup_stm32f407xx.o(.text)
    DMA2_Stream2_IRQHandler                  0x080001b7   Thumb Code     0  startup_stm32f407xx.o(.text)
    DMA2_Stream3_IRQHandler                  0x080001b7   Thumb Code     0  startup_stm32f407xx.o(.text)
    DMA2_Stream4_IRQHandler                  0x080001b7   Thumb Code     0  startup_stm32f407xx.o(.text)
    DMA2_Stream5_IRQHandler                  0x080001b7   Thumb Code     0  startup_stm32f407xx.o(.text)
    DMA2_Stream6_IRQHandler                  0x080001b7   Thumb Code     0  startup_stm32f407xx.o(.text)
    DMA2_Stream7_IRQHandler                  0x080001b7   Thumb Code     0  startup_stm32f407xx.o(.text)
    ETH_IRQHandler                           0x080001b7   Thumb Code     0  startup_stm32f407xx.o(.text)
    ETH_WKUP_IRQHandler                      0x080001b7   Thumb Code     0  startup_stm32f407xx.o(.text)
    EXTI0_IRQHandler                         0x080001b7   Thumb Code     0  startup_stm32f407xx.o(.text)
    EXTI15_10_IRQHandler                     0x080001b7   Thumb Code     0  startup_stm32f407xx.o(.text)
    EXTI1_IRQHandler                         0x080001b7   Thumb Code     0  startup_stm32f407xx.o(.text)
    EXTI2_IRQHandler                         0x080001b7   Thumb Code     0  startup_stm32f407xx.o(.text)
    EXTI3_IRQHandler                         0x080001b7   Thumb Code     0  startup_stm32f407xx.o(.text)
    EXTI4_IRQHandler                         0x080001b7   Thumb Code     0  startup_stm32f407xx.o(.text)
    EXTI9_5_IRQHandler                       0x080001b7   Thumb Code     0  startup_stm32f407xx.o(.text)
    FLASH_IRQHandler                         0x080001b7   Thumb Code     0  startup_stm32f407xx.o(.text)
    FMC_IRQHandler                           0x080001b7   Thumb Code     0  startup_stm32f407xx.o(.text)
    FPU_IRQHandler                           0x080001b7   Thumb Code     0  startup_stm32f407xx.o(.text)
    HASH_RNG_IRQHandler                      0x080001b7   Thumb Code     0  startup_stm32f407xx.o(.text)
    I2C1_ER_IRQHandler                       0x080001b7   Thumb Code     0  startup_stm32f407xx.o(.text)
    I2C1_EV_IRQHandler                       0x080001b7   Thumb Code     0  startup_stm32f407xx.o(.text)
    I2C2_ER_IRQHandler                       0x080001b7   Thumb Code     0  startup_stm32f407xx.o(.text)
    I2C2_EV_IRQHandler                       0x080001b7   Thumb Code     0  startup_stm32f407xx.o(.text)
    I2C3_ER_IRQHandler                       0x080001b7   Thumb Code     0  startup_stm32f407xx.o(.text)
    I2C3_EV_IRQHandler                       0x080001b7   Thumb Code     0  startup_stm32f407xx.o(.text)
    OTG_FS_IRQHandler                        0x080001b7   Thumb Code     0  startup_stm32f407xx.o(.text)
    OTG_FS_WKUP_IRQHandler                   0x080001b7   Thumb Code     0  startup_stm32f407xx.o(.text)
    OTG_HS_EP1_IN_IRQHandler                 0x080001b7   Thumb Code     0  startup_stm32f407xx.o(.text)
    OTG_HS_EP1_OUT_IRQHandler                0x080001b7   Thumb Code     0  startup_stm32f407xx.o(.text)
    OTG_HS_IRQHandler                        0x080001b7   Thumb Code     0  startup_stm32f407xx.o(.text)
    OTG_HS_WKUP_IRQHandler                   0x080001b7   Thumb Code     0  startup_stm32f407xx.o(.text)
    PVD_IRQHandler                           0x080001b7   Thumb Code     0  startup_stm32f407xx.o(.text)
    RCC_IRQHandler                           0x080001b7   Thumb Code     0  startup_stm32f407xx.o(.text)
    RTC_Alarm_IRQHandler                     0x080001b7   Thumb Code     0  startup_stm32f407xx.o(.text)
    RTC_WKUP_IRQHandler                      0x080001b7   Thumb Code     0  startup_stm32f407xx.o(.text)
    SDIO_IRQHandler                          0x080001b7   Thumb Code     0  startup_stm32f407xx.o(.text)
    SPI1_IRQHandler                          0x080001b7   Thumb Code     0  startup_stm32f407xx.o(.text)
    SPI2_IRQHandler                          0x080001b7   Thumb Code     0  startup_stm32f407xx.o(.text)
    SPI3_IRQHandler                          0x080001b7   Thumb Code     0  startup_stm32f407xx.o(.text)
    TAMP_STAMP_IRQHandler                    0x080001b7   Thumb Code     0  startup_stm32f407xx.o(.text)
    TIM1_BRK_TIM9_IRQHandler                 0x080001b7   Thumb Code     0  startup_stm32f407xx.o(.text)
    TIM1_CC_IRQHandler                       0x080001b7   Thumb Code     0  startup_stm32f407xx.o(.text)
    TIM1_TRG_COM_TIM11_IRQHandler            0x080001b7   Thumb Code     0  startup_stm32f407xx.o(.text)
    TIM1_UP_TIM10_IRQHandler                 0x080001b7   Thumb Code     0  startup_stm32f407xx.o(.text)
    TIM2_IRQHandler                          0x080001b7   Thumb Code     0  startup_stm32f407xx.o(.text)
    TIM3_IRQHandler                          0x080001b7   Thumb Code     0  startup_stm32f407xx.o(.text)
    TIM4_IRQHandler                          0x080001b7   Thumb Code     0  startup_stm32f407xx.o(.text)
    TIM5_IRQHandler                          0x080001b7   Thumb Code     0  startup_stm32f407xx.o(.text)
    TIM6_DAC_IRQHandler                      0x080001b7   Thumb Code     0  startup_stm32f407xx.o(.text)
    TIM7_IRQHandler                          0x080001b7   Thumb Code     0  startup_stm32f407xx.o(.text)
    TIM8_BRK_TIM12_IRQHandler                0x080001b7   Thumb Code     0  startup_stm32f407xx.o(.text)
    TIM8_CC_IRQHandler                       0x080001b7   Thumb Code     0  startup_stm32f407xx.o(.text)
    UART4_IRQHandler                         0x080001b7   Thumb Code     0  startup_stm32f407xx.o(.text)
    UART5_IRQHandler                         0x080001b7   Thumb Code     0  startup_stm32f407xx.o(.text)
    USART3_IRQHandler                        0x080001b7   Thumb Code     0  startup_stm32f407xx.o(.text)
    USART6_IRQHandler                        0x080001b7   Thumb Code     0  startup_stm32f407xx.o(.text)
    WWDG_IRQHandler                          0x080001b7   Thumb Code     0  startup_stm32f407xx.o(.text)
    __aeabi_uldivmod                         0x080001c1   Thumb Code    98  uldiv.o(.text)
    __aeabi_memcpy                           0x08000223   Thumb Code    36  memcpya.o(.text)
    __aeabi_memcpy4                          0x08000223   Thumb Code     0  memcpya.o(.text)
    __aeabi_memcpy8                          0x08000223   Thumb Code     0  memcpya.o(.text)
    __aeabi_memset                           0x08000247   Thumb Code    14  memseta.o(.text)
    __aeabi_memset4                          0x08000247   Thumb Code     0  memseta.o(.text)
    __aeabi_memset8                          0x08000247   Thumb Code     0  memseta.o(.text)
    __aeabi_memclr                           0x08000255   Thumb Code     4  memseta.o(.text)
    __aeabi_memclr4                          0x08000255   Thumb Code     0  memseta.o(.text)
    __aeabi_memclr8                          0x08000255   Thumb Code     0  memseta.o(.text)
    _memset$wrapper                          0x08000259   Thumb Code    18  memseta.o(.text)
    __aeabi_llsl                             0x0800026b   Thumb Code    30  llshl.o(.text)
    _ll_shift_l                              0x0800026b   Thumb Code     0  llshl.o(.text)
    __aeabi_llsr                             0x08000289   Thumb Code    32  llushr.o(.text)
    _ll_ushift_r                             0x08000289   Thumb Code     0  llushr.o(.text)
    __scatterload                            0x080002a9   Thumb Code    28  init.o(.text)
    __scatterload_rt2                        0x080002a9   Thumb Code     0  init.o(.text)
    __decompress                             0x080002cd   Thumb Code     0  __dczerorl2.o(.text)
    __decompress1                            0x080002cd   Thumb Code    86  __dczerorl2.o(.text)
    BusFault_Handler                         0x08000323   Thumb Code     2  stm32f4xx_it.o(i.BusFault_Handler)
    DebugMon_Handler                         0x08000325   Thumb Code     2  stm32f4xx_it.o(i.DebugMon_Handler)
    HAL_DMA_Abort_IT                         0x08000327   Thumb Code    36  stm32f4xx_hal_dma.o(i.HAL_DMA_Abort_IT)
    HAL_Delay                                0x0800034d   Thumb Code    32  stm32f4xx_hal.o(i.HAL_Delay)
    HAL_GPIO_Init                            0x08000371   Thumb Code   388  stm32f4xx_hal_gpio.o(i.HAL_GPIO_Init)
    HAL_GPIO_TogglePin                       0x08000521   Thumb Code    14  stm32f4xx_hal_gpio.o(i.HAL_GPIO_TogglePin)
    HAL_GPIO_WritePin                        0x0800052f   Thumb Code    10  stm32f4xx_hal_gpio.o(i.HAL_GPIO_WritePin)
    HAL_GetTick                              0x08000539   Thumb Code     6  stm32f4xx_hal.o(i.HAL_GetTick)
    HAL_HCD_Init                             0x08000545   Thumb Code   114  stm32f4xx_hal_hcd.o(i.HAL_HCD_Init)
    HAL_HCD_MspInit                          0x080005b9   Thumb Code   106  stm32f4xx_hal_msp.o(i.HAL_HCD_MspInit)
    HAL_IncTick                              0x0800062d   Thumb Code    12  stm32f4xx_hal.o(i.HAL_IncTick)
    HAL_Init                                 0x0800063d   Thumb Code    48  stm32f4xx_hal.o(i.HAL_Init)
    HAL_InitTick                             0x08000671   Thumb Code    54  stm32f4xx_hal.o(i.HAL_InitTick)
    HAL_MspInit                              0x080006b1   Thumb Code    42  stm32f4xx_hal_msp.o(i.HAL_MspInit)
    HAL_NVIC_EnableIRQ                       0x080006e1   Thumb Code    26  stm32f4xx_hal_cortex.o(i.HAL_NVIC_EnableIRQ)
    HAL_NVIC_SetPriority                     0x080006fd   Thumb Code    60  stm32f4xx_hal_cortex.o(i.HAL_NVIC_SetPriority)
    HAL_NVIC_SetPriorityGrouping             0x0800073d   Thumb Code    26  stm32f4xx_hal_cortex.o(i.HAL_NVIC_SetPriorityGrouping)
    HAL_RCC_ClockConfig                      0x08000761   Thumb Code   286  stm32f4xx_hal_rcc.o(i.HAL_RCC_ClockConfig)
    HAL_RCC_GetPCLK1Freq                     0x08000891   Thumb Code    20  stm32f4xx_hal_rcc.o(i.HAL_RCC_GetPCLK1Freq)
    HAL_RCC_GetPCLK2Freq                     0x080008b1   Thumb Code    20  stm32f4xx_hal_rcc.o(i.HAL_RCC_GetPCLK2Freq)
    HAL_RCC_GetSysClockFreq                  0x080008d1   Thumb Code    88  stm32f4xx_hal_rcc.o(i.HAL_RCC_GetSysClockFreq)
    HAL_RCC_OscConfig                        0x08000931   Thumb Code   770  stm32f4xx_hal_rcc.o(i.HAL_RCC_OscConfig)
    HAL_SD_ConfigWideBusOperation            0x08000c4d   Thumb Code   120  stm32f4xx_hal_sd.o(i.HAL_SD_ConfigWideBusOperation)
    HAL_SD_GetCardCSD                        0x08000cc5   Thumb Code   474  stm32f4xx_hal_sd.o(i.HAL_SD_GetCardCSD)
    HAL_SD_Init                              0x08000e9f   Thumb Code    54  stm32f4xx_hal_sd.o(i.HAL_SD_Init)
    HAL_SD_InitCard                          0x08000ed5   Thumb Code    80  stm32f4xx_hal_sd.o(i.HAL_SD_InitCard)
    HAL_SD_MspInit                           0x08000f29   Thumb Code   130  stm32f4xx_hal_msp.o(i.HAL_SD_MspInit)
    HAL_SPI_Init                             0x08000fbd   Thumb Code   128  stm32f4xx_hal_spi.o(i.HAL_SPI_Init)
    HAL_SPI_MspInit                          0x0800103d   Thumb Code    92  stm32f4xx_hal_msp.o(i.HAL_SPI_MspInit)
    HAL_SYSTICK_Config                       0x080010a5   Thumb Code    40  stm32f4xx_hal_cortex.o(i.HAL_SYSTICK_Config)
    HAL_TIMEx_BreakCallback                  0x080010cd   Thumb Code     2  stm32f4xx_hal_tim_ex.o(i.HAL_TIMEx_BreakCallback)
    HAL_TIMEx_CommutCallback                 0x080010cf   Thumb Code     2  stm32f4xx_hal_tim_ex.o(i.HAL_TIMEx_CommutCallback)
    HAL_TIMEx_MasterConfigSynchronization    0x080010d1   Thumb Code    66  stm32f4xx_hal_tim_ex.o(i.HAL_TIMEx_MasterConfigSynchronization)
    HAL_TIM_Base_Init                        0x08001113   Thumb Code    54  stm32f4xx_hal_tim.o(i.HAL_TIM_Base_Init)
    HAL_TIM_Base_MspInit                     0x08001149   Thumb Code   108  stm32f4xx_hal_msp.o(i.HAL_TIM_Base_MspInit)
    HAL_TIM_Base_Start_IT                    0x080011c5   Thumb Code    34  stm32f4xx_hal_tim.o(i.HAL_TIM_Base_Start_IT)
    HAL_TIM_ConfigClockSource                0x080011e7   Thumb Code   214  stm32f4xx_hal_tim.o(i.HAL_TIM_ConfigClockSource)
    HAL_TIM_Encoder_Init                     0x080012bd   Thumb Code   152  stm32f4xx_hal_tim.o(i.HAL_TIM_Encoder_Init)
    HAL_TIM_Encoder_MspInit                  0x08001355   Thumb Code   142  stm32f4xx_hal_msp.o(i.HAL_TIM_Encoder_MspInit)
    HAL_TIM_Encoder_Start                    0x080013f9   Thumb Code    52  stm32f4xx_hal_tim.o(i.HAL_TIM_Encoder_Start)
    HAL_TIM_IC_CaptureCallback               0x0800142d   Thumb Code     2  stm32f4xx_hal_tim.o(i.HAL_TIM_IC_CaptureCallback)
    HAL_TIM_IRQHandler                       0x0800142f   Thumb Code   358  stm32f4xx_hal_tim.o(i.HAL_TIM_IRQHandler)
    HAL_TIM_MspPostInit                      0x08001595   Thumb Code    70  stm32f4xx_hal_msp.o(i.HAL_TIM_MspPostInit)
    HAL_TIM_OC_DelayElapsedCallback          0x080015e5   Thumb Code     2  stm32f4xx_hal_tim.o(i.HAL_TIM_OC_DelayElapsedCallback)
    HAL_TIM_PWM_ConfigChannel                0x080015e7   Thumb Code   208  stm32f4xx_hal_tim.o(i.HAL_TIM_PWM_ConfigChannel)
    HAL_TIM_PWM_Init                         0x080016b7   Thumb Code    54  stm32f4xx_hal_tim.o(i.HAL_TIM_PWM_Init)
    HAL_TIM_PWM_MspInit                      0x080016ed   Thumb Code    30  stm32f4xx_hal_msp.o(i.HAL_TIM_PWM_MspInit)
    HAL_TIM_PWM_PulseFinishedCallback        0x08001711   Thumb Code     2  stm32f4xx_hal_tim.o(i.HAL_TIM_PWM_PulseFinishedCallback)
    HAL_TIM_PWM_Start                        0x08001715   Thumb Code    58  stm32f4xx_hal_tim.o(i.HAL_TIM_PWM_Start)
    HAL_TIM_PeriodElapsedCallback            0x08001759   Thumb Code    88  main.o(i.HAL_TIM_PeriodElapsedCallback)
    HAL_TIM_TriggerCallback                  0x080017bd   Thumb Code     2  stm32f4xx_hal_tim.o(i.HAL_TIM_TriggerCallback)
    HAL_UART_ErrorCallback                   0x080017bf   Thumb Code     2  stm32f4xx_hal_uart.o(i.HAL_UART_ErrorCallback)
    HAL_UART_IRQHandler                      0x080017c1   Thumb Code   266  stm32f4xx_hal_uart.o(i.HAL_UART_IRQHandler)
    HAL_UART_Init                            0x080018d1   Thumb Code    98  stm32f4xx_hal_uart.o(i.HAL_UART_Init)
    HAL_UART_MspInit                         0x08001935   Thumb Code   172  stm32f4xx_hal_msp.o(i.HAL_UART_MspInit)
    HAL_UART_RxCpltCallback                  0x080019f5   Thumb Code     2  stm32f4xx_hal_uart.o(i.HAL_UART_RxCpltCallback)
    HAL_UART_Transmit                        0x080019f7   Thumb Code   186  stm32f4xx_hal_uart.o(i.HAL_UART_Transmit)
    HAL_UART_TxCpltCallback                  0x08001ab1   Thumb Code     2  stm32f4xx_hal_uart.o(i.HAL_UART_TxCpltCallback)
    HardFault_Handler                        0x08001ab3   Thumb Code     2  stm32f4xx_it.o(i.HardFault_Handler)
    LCD_Address_Set                          0x08001ab5   Thumb Code    62  oled.o(i.LCD_Address_Set)
    LCD_Clear                                0x08001af3   Thumb Code    40  oled.o(i.LCD_Clear)
    LCD_DrawPoint                            0x08001b1b   Thumb Code    22  oled.o(i.LCD_DrawPoint)
    LCD_ShowChar                             0x08001b31   Thumb Code   162  oled.o(i.LCD_ShowChar)
    LCD_ShowNum                              0x08001bdd   Thumb Code   106  oled.o(i.LCD_ShowNum)
    LCD_ShowString                           0x08001c47   Thumb Code    68  oled.o(i.LCD_ShowString)
    LCD_WR_DATA                              0x08001c8d   Thumb Code    32  oled.o(i.LCD_WR_DATA)
    LCD_WR_DATA8                             0x08001cb1   Thumb Code    24  oled.o(i.LCD_WR_DATA8)
    LCD_WR_REG                               0x08001ccd   Thumb Code    24  oled.o(i.LCD_WR_REG)
    LCD_Writ_Bus                             0x08001ce9   Thumb Code    82  oled.o(i.LCD_Writ_Bus)
    Lcd_Init                                 0x08001d41   Thumb Code   590  oled.o(i.Lcd_Init)
    MemManage_Handler                        0x08002235   Thumb Code     2  stm32f4xx_it.o(i.MemManage_Handler)
    NMI_Handler                              0x08002237   Thumb Code     2  stm32f4xx_it.o(i.NMI_Handler)
    PendSV_Handler                           0x08002239   Thumb Code     2  stm32f4xx_it.o(i.PendSV_Handler)
    SDIO_ConfigData                          0x0800223b   Thumb Code    36  stm32f4xx_ll_sdmmc.o(i.SDIO_ConfigData)
    SDIO_GetPowerState                       0x0800225f   Thumb Code     8  stm32f4xx_ll_sdmmc.o(i.SDIO_GetPowerState)
    SDIO_GetResponse                         0x08002267   Thumb Code    12  stm32f4xx_ll_sdmmc.o(i.SDIO_GetResponse)
    SDIO_Init                                0x08002273   Thumb Code    36  stm32f4xx_ll_sdmmc.o(i.SDIO_Init)
    SDIO_PowerState_ON                       0x08002297   Thumb Code     8  stm32f4xx_ll_sdmmc.o(i.SDIO_PowerState_ON)
    SDIO_ReadFIFO                            0x0800229f   Thumb Code     6  stm32f4xx_ll_sdmmc.o(i.SDIO_ReadFIFO)
    SDIO_SendCommand                         0x080022a5   Thumb Code    32  stm32f4xx_ll_sdmmc.o(i.SDIO_SendCommand)
    SDMMC_CmdAppCommand                      0x080022c5   Thumb Code    50  stm32f4xx_ll_sdmmc.o(i.SDMMC_CmdAppCommand)
    SDMMC_CmdAppOperCommand                  0x080022f9   Thumb Code    48  stm32f4xx_ll_sdmmc.o(i.SDMMC_CmdAppOperCommand)
    SDMMC_CmdBlockLength                     0x0800232d   Thumb Code    50  stm32f4xx_ll_sdmmc.o(i.SDMMC_CmdBlockLength)
    SDMMC_CmdBusWidth                        0x0800235f   Thumb Code    50  stm32f4xx_ll_sdmmc.o(i.SDMMC_CmdBusWidth)
    SDMMC_CmdGoIdleState                     0x08002391   Thumb Code    76  stm32f4xx_ll_sdmmc.o(i.SDMMC_CmdGoIdleState)
    SDMMC_CmdOperCond                        0x080023e1   Thumb Code    98  stm32f4xx_ll_sdmmc.o(i.SDMMC_CmdOperCond)
    SDMMC_CmdSelDesel                        0x08002449   Thumb Code    50  stm32f4xx_ll_sdmmc.o(i.SDMMC_CmdSelDesel)
    SDMMC_CmdSendCID                         0x0800247b   Thumb Code    44  stm32f4xx_ll_sdmmc.o(i.SDMMC_CmdSendCID)
    SDMMC_CmdSendCSD                         0x080024a7   Thumb Code    44  stm32f4xx_ll_sdmmc.o(i.SDMMC_CmdSendCSD)
    SDMMC_CmdSendSCR                         0x080024d3   Thumb Code    48  stm32f4xx_ll_sdmmc.o(i.SDMMC_CmdSendSCR)
    SDMMC_CmdSetRelAdd                       0x08002503   Thumb Code    48  stm32f4xx_ll_sdmmc.o(i.SDMMC_CmdSetRelAdd)
    SVC_Handler                              0x08002a5d   Thumb Code     2  stm32f4xx_it.o(i.SVC_Handler)
    SysTick_Handler                          0x08002a5f   Thumb Code     4  stm32f4xx_it.o(i.SysTick_Handler)
    SystemClock_Config                       0x08002a65   Thumb Code   124  main.o(i.SystemClock_Config)
    SystemInit                               0x08002ae9   Thumb Code    66  system_stm32f4xx.o(i.SystemInit)
    TIM8_TRG_COM_TIM14_IRQHandler            0x08002b3d   Thumb Code     6  stm32f4xx_it.o(i.TIM8_TRG_COM_TIM14_IRQHandler)
    TIM8_UP_TIM13_IRQHandler                 0x08002b49   Thumb Code     6  stm32f4xx_it.o(i.TIM8_UP_TIM13_IRQHandler)
    TIM_Base_SetConfig                       0x08002b55   Thumb Code   156  stm32f4xx_hal_tim.o(i.TIM_Base_SetConfig)
    TIM_CCxChannelCmd                        0x08002c1d   Thumb Code    26  stm32f4xx_hal_tim.o(i.TIM_CCxChannelCmd)
    TIM_ETR_SetConfig                        0x08002c37   Thumb Code    20  stm32f4xx_hal_tim.o(i.TIM_ETR_SetConfig)
    TIM_OC2_SetConfig                        0x08002cbd   Thumb Code    98  stm32f4xx_hal_tim.o(i.TIM_OC2_SetConfig)
    USART1_IRQHandler                        0x0800325d   Thumb Code     6  stm32f4xx_it.o(i.USART1_IRQHandler)
    USART2_IRQHandler                        0x08003269   Thumb Code     6  stm32f4xx_it.o(i.USART2_IRQHandler)
    USB_CoreInit                             0x08003275   Thumb Code   112  stm32f4xx_ll_usb.o(i.USB_CoreInit)
    USB_DisableGlobalInt                     0x08003321   Thumb Code    12  stm32f4xx_ll_usb.o(i.USB_DisableGlobalInt)
    USB_DriveVbus                            0x0800332d   Thumb Code    44  stm32f4xx_ll_usb.o(i.USB_DriveVbus)
    USB_FlushRxFifo                          0x08003359   Thumb Code    28  stm32f4xx_ll_usb.o(i.USB_FlushRxFifo)
    USB_FlushTxFifo                          0x08003379   Thumb Code    32  stm32f4xx_ll_usb.o(i.USB_FlushTxFifo)
    USB_HostInit                             0x0800339d   Thumb Code   194  stm32f4xx_ll_usb.o(i.USB_HostInit)
    USB_SetCurrentMode                       0x08003475   Thumb Code    46  stm32f4xx_ll_usb.o(i.USB_SetCurrentMode)
    UsageFault_Handler                       0x080034a3   Thumb Code     2  stm32f4xx_it.o(i.UsageFault_Handler)
    __scatterload_copy                       0x080034c5   Thumb Code    14  handlers.o(i.__scatterload_copy)
    __scatterload_null                       0x080034d3   Thumb Code     2  handlers.o(i.__scatterload_null)
    __scatterload_zeroinit                   0x080034d5   Thumb Code    14  handlers.o(i.__scatterload_zeroinit)
    keyvalue                                 0x080034e5   Thumb Code    42  key.o(i.keyvalue)
    main                                     0x08003521   Thumb Code   428  main.o(i.main)
    mypow                                    0x080036f5   Thumb Code    16  oled.o(i.mypow)
    user_pwm_setvalue                        0x08003705   Thumb Code    66  main.o(i.user_pwm_setvalue)
    asc2_1608                                0x0800374c   Data        1520  oled.o(.constdata)
    image                                    0x08003d3c   Data        3200  oled.o(.constdata)
    AHBPrescTable                            0x080049bc   Data          16  system_stm32f4xx.o(.constdata)
    APBPrescTable                            0x080049cc   Data           8  system_stm32f4xx.o(.constdata)
    Region$$Table$$Base                      0x080049d4   Number         0  anon$$obj.o(Region$$Table)
    Region$$Table$$Limit                     0x080049f4   Number         0  anon$$obj.o(Region$$Table)
    BACK_COLOR                               0x20000000   Data           4  oled.o(.data)
    Hzk32                                    0x20000004   Data         640  oled.o(.data)
    Hzk16                                    0x20000284   Data         224  oled.o(.data)
    trg                                      0x20000364   Data           1  key.o(.data)
    cont                                     0x20000365   Data           1  key.o(.data)
    key0flag                                 0x20000368   Data           1  main.o(.data)
    key1flag                                 0x20000369   Data           1  main.o(.data)
    pulse1                                   0x2000036a   Data           2  main.o(.data)
    pulse2                                   0x2000036c   Data           2  main.o(.data)
    tcount14                                 0x2000036e   Data           2  main.o(.data)
    oled1                                    0x20000370   Data           3  main.o(.data)
    oled2                                    0x20000373   Data           3  main.o(.data)
    ecodl                                    0x20000378   Data           4  main.o(.data)
    ecodr                                    0x2000037c   Data           4  main.o(.data)
    ptim                                     0x20000380   Data           5  main.o(.data)
    uwTickFreq                               0x20000388   Data           1  stm32f4xx_hal.o(.data)
    uwTickPrio                               0x2000038c   Data           4  stm32f4xx_hal.o(.data)
    uwTick                                   0x20000390   Data           4  stm32f4xx_hal.o(.data)
    SystemCoreClock                          0x20000394   Data           4  system_stm32f4xx.o(.data)
    hsd                                      0x20000398   Data         132  main.o(.bss)
    hspi1                                    0x2000041c   Data          88  main.o(.bss)
    htim2                                    0x20000474   Data          64  main.o(.bss)
    htim3                                    0x200004b4   Data          64  main.o(.bss)
    htim4                                    0x200004f4   Data          64  main.o(.bss)
    htim5                                    0x20000534   Data          64  main.o(.bss)
    htim13                                   0x20000574   Data          64  main.o(.bss)
    htim14                                   0x200005b4   Data          64  main.o(.bss)
    huart1                                   0x200005f4   Data          64  main.o(.bss)
    huart2                                   0x20000634   Data          64  main.o(.bss)
    hhcd_USB_OTG_FS                          0x20000674   Data         708  main.o(.bss)
    __initial_sp                             0x20000d38   Data           0  startup_stm32f407xx.o(STACK)



==============================================================================

Memory Map of the image

  Image Entry point : 0x08000189

  Load Region LR_IROM1 (Base: 0x08000000, Size: 0x00004d8c, Max: 0x00080000, ABSOLUTE, COMPRESSED[0x00004bac])

    Execution Region ER_IROM1 (Exec base: 0x08000000, Load base: 0x08000000, Size: 0x000049f4, Max: 0x00080000, ABSOLUTE)

    Exec Addr    Load Addr    Size         Type   Attr      Idx    E Section Name        Object

    0x08000000   0x08000000   0x00000188   Data   RO            3    RESET               startup_stm32f407xx.o
    0x08000188   0x08000188   0x00000000   Code   RO         4423  * .ARM.Collect$$$$00000000  mc_w.l(entry.o)
    0x08000188   0x08000188   0x00000004   Code   RO         4434    .ARM.Collect$$$$00000001  mc_w.l(entry2.o)
    0x0800018c   0x0800018c   0x00000004   Code   RO         4437    .ARM.Collect$$$$00000004  mc_w.l(entry5.o)
    0x08000190   0x08000190   0x00000000   Code   RO         4439    .ARM.Collect$$$$00000008  mc_w.l(entry7b.o)
    0x08000190   0x08000190   0x00000000   Code   RO         4441    .ARM.Collect$$$$0000000A  mc_w.l(entry8b.o)
    0x08000190   0x08000190   0x00000008   Code   RO         4442    .ARM.Collect$$$$0000000B  mc_w.l(entry9a.o)
    0x08000198   0x08000198   0x00000000   Code   RO         4444    .ARM.Collect$$$$0000000D  mc_w.l(entry10a.o)
    0x08000198   0x08000198   0x00000000   Code   RO         4446    .ARM.Collect$$$$0000000F  mc_w.l(entry11a.o)
    0x08000198   0x08000198   0x00000004   Code   RO         4435    .ARM.Collect$$$$00002712  mc_w.l(entry2.o)
    0x0800019c   0x0800019c   0x00000024   Code   RO            4    .text               startup_stm32f407xx.o
    0x080001c0   0x080001c0   0x00000062   Code   RO         4426    .text               mc_w.l(uldiv.o)
    0x08000222   0x08000222   0x00000024   Code   RO         4428    .text               mc_w.l(memcpya.o)
    0x08000246   0x08000246   0x00000024   Code   RO         4430    .text               mc_w.l(memseta.o)
    0x0800026a   0x0800026a   0x0000001e   Code   RO         4448    .text               mc_w.l(llshl.o)
    0x08000288   0x08000288   0x00000020   Code   RO         4450    .text               mc_w.l(llushr.o)
    0x080002a8   0x080002a8   0x00000024   Code   RO         4452    .text               mc_w.l(init.o)
    0x080002cc   0x080002cc   0x00000056   Code   RO         4462    .text               mc_w.l(__dczerorl2.o)
    0x08000322   0x08000322   0x00000002   Code   RO          494    i.BusFault_Handler  stm32f4xx_it.o
    0x08000324   0x08000324   0x00000002   Code   RO          495    i.DebugMon_Handler  stm32f4xx_it.o
    0x08000326   0x08000326   0x00000024   Code   RO         1435    i.HAL_DMA_Abort_IT  stm32f4xx_hal_dma.o
    0x0800034a   0x0800034a   0x00000002   PAD
    0x0800034c   0x0800034c   0x00000024   Code   RO         1853    i.HAL_Delay         stm32f4xx_hal.o
    0x08000370   0x08000370   0x000001b0   Code   RO         1327    i.HAL_GPIO_Init     stm32f4xx_hal_gpio.o
    0x08000520   0x08000520   0x0000000e   Code   RO         1330    i.HAL_GPIO_TogglePin  stm32f4xx_hal_gpio.o
    0x0800052e   0x0800052e   0x0000000a   Code   RO         1331    i.HAL_GPIO_WritePin  stm32f4xx_hal_gpio.o
    0x08000538   0x08000538   0x0000000c   Code   RO         1859    i.HAL_GetTick       stm32f4xx_hal.o
    0x08000544   0x08000544   0x00000072   Code   RO         3926    i.HAL_HCD_Init      stm32f4xx_hal_hcd.o
    0x080005b6   0x080005b6   0x00000002   PAD
    0x080005b8   0x080005b8   0x00000074   Code   RO          595    i.HAL_HCD_MspInit   stm32f4xx_hal_msp.o
    0x0800062c   0x0800062c   0x00000010   Code   RO         1865    i.HAL_IncTick       stm32f4xx_hal.o
    0x0800063c   0x0800063c   0x00000034   Code   RO         1866    i.HAL_Init          stm32f4xx_hal.o
    0x08000670   0x08000670   0x00000040   Code   RO         1867    i.HAL_InitTick      stm32f4xx_hal.o
    0x080006b0   0x080006b0   0x00000030   Code   RO          596    i.HAL_MspInit       stm32f4xx_hal_msp.o
    0x080006e0   0x080006e0   0x0000001a   Code   RO         1716    i.HAL_NVIC_EnableIRQ  stm32f4xx_hal_cortex.o
    0x080006fa   0x080006fa   0x00000002   PAD
    0x080006fc   0x080006fc   0x00000040   Code   RO         1722    i.HAL_NVIC_SetPriority  stm32f4xx_hal_cortex.o
    0x0800073c   0x0800073c   0x00000024   Code   RO         1723    i.HAL_NVIC_SetPriorityGrouping  stm32f4xx_hal_cortex.o
    0x08000760   0x08000760   0x00000130   Code   RO          973    i.HAL_RCC_ClockConfig  stm32f4xx_hal_rcc.o
    0x08000890   0x08000890   0x00000020   Code   RO          980    i.HAL_RCC_GetPCLK1Freq  stm32f4xx_hal_rcc.o
    0x080008b0   0x080008b0   0x00000020   Code   RO          981    i.HAL_RCC_GetPCLK2Freq  stm32f4xx_hal_rcc.o
    0x080008d0   0x080008d0   0x00000060   Code   RO          982    i.HAL_RCC_GetSysClockFreq  stm32f4xx_hal_rcc.o
    0x08000930   0x08000930   0x0000031c   Code   RO          985    i.HAL_RCC_OscConfig  stm32f4xx_hal_rcc.o
    0x08000c4c   0x08000c4c   0x00000078   Code   RO         2104    i.HAL_SD_ConfigWideBusOperation  stm32f4xx_hal_sd.o
    0x08000cc4   0x08000cc4   0x000001da   Code   RO         2109    i.HAL_SD_GetCardCSD  stm32f4xx_hal_sd.o
    0x08000e9e   0x08000e9e   0x00000036   Code   RO         2116    i.HAL_SD_Init       stm32f4xx_hal_sd.o
    0x08000ed4   0x08000ed4   0x00000054   Code   RO         2117    i.HAL_SD_InitCard   stm32f4xx_hal_sd.o
    0x08000f28   0x08000f28   0x00000094   Code   RO          598    i.HAL_SD_MspInit    stm32f4xx_hal_msp.o
    0x08000fbc   0x08000fbc   0x00000080   Code   RO         2347    i.HAL_SPI_Init      stm32f4xx_hal_spi.o
    0x0800103c   0x0800103c   0x00000068   Code   RO          600    i.HAL_SPI_MspInit   stm32f4xx_hal_msp.o
    0x080010a4   0x080010a4   0x00000028   Code   RO         1727    i.HAL_SYSTICK_Config  stm32f4xx_hal_cortex.o
    0x080010cc   0x080010cc   0x00000002   Code   RO         3335    i.HAL_TIMEx_BreakCallback  stm32f4xx_hal_tim_ex.o
    0x080010ce   0x080010ce   0x00000002   Code   RO         3336    i.HAL_TIMEx_CommutCallback  stm32f4xx_hal_tim_ex.o
    0x080010d0   0x080010d0   0x00000042   Code   RO         3353    i.HAL_TIMEx_MasterConfigSynchronization  stm32f4xx_hal_tim_ex.o
    0x08001112   0x08001112   0x00000036   Code   RO         2660    i.HAL_TIM_Base_Init  stm32f4xx_hal_tim.o
    0x08001148   0x08001148   0x0000007c   Code   RO          602    i.HAL_TIM_Base_MspInit  stm32f4xx_hal_msp.o
    0x080011c4   0x080011c4   0x00000022   Code   RO         2665    i.HAL_TIM_Base_Start_IT  stm32f4xx_hal_tim.o
    0x080011e6   0x080011e6   0x000000d6   Code   RO         2669    i.HAL_TIM_ConfigClockSource  stm32f4xx_hal_tim.o
    0x080012bc   0x080012bc   0x00000098   Code   RO         2678    i.HAL_TIM_Encoder_Init  stm32f4xx_hal_tim.o
    0x08001354   0x08001354   0x000000a4   Code   RO          604    i.HAL_TIM_Encoder_MspInit  stm32f4xx_hal_msp.o
    0x080013f8   0x080013f8   0x00000034   Code   RO         2681    i.HAL_TIM_Encoder_Start  stm32f4xx_hal_tim.o
    0x0800142c   0x0800142c   0x00000002   Code   RO         2689    i.HAL_TIM_IC_CaptureCallback  stm32f4xx_hal_tim.o
    0x0800142e   0x0800142e   0x00000166   Code   RO         2703    i.HAL_TIM_IRQHandler  stm32f4xx_hal_tim.o
    0x08001594   0x08001594   0x00000050   Code   RO          605    i.HAL_TIM_MspPostInit  stm32f4xx_hal_msp.o
    0x080015e4   0x080015e4   0x00000002   Code   RO         2706    i.HAL_TIM_OC_DelayElapsedCallback  stm32f4xx_hal_tim.o
    0x080015e6   0x080015e6   0x000000d0   Code   RO         2727    i.HAL_TIM_PWM_ConfigChannel  stm32f4xx_hal_tim.o
    0x080016b6   0x080016b6   0x00000036   Code   RO         2730    i.HAL_TIM_PWM_Init  stm32f4xx_hal_tim.o
    0x080016ec   0x080016ec   0x00000024   Code   RO          607    i.HAL_TIM_PWM_MspInit  stm32f4xx_hal_msp.o
    0x08001710   0x08001710   0x00000002   Code   RO         2733    i.HAL_TIM_PWM_PulseFinishedCallback  stm32f4xx_hal_tim.o
    0x08001712   0x08001712   0x00000002   PAD
    0x08001714   0x08001714   0x00000044   Code   RO         2735    i.HAL_TIM_PWM_Start  stm32f4xx_hal_tim.o
    0x08001758   0x08001758   0x00000064   Code   RO          402    i.HAL_TIM_PeriodElapsedCallback  main.o
    0x080017bc   0x080017bc   0x00000002   Code   RO         2746    i.HAL_TIM_TriggerCallback  stm32f4xx_hal_tim.o
    0x080017be   0x080017be   0x00000002   Code   RO         3607    i.HAL_UART_ErrorCallback  stm32f4xx_hal_uart.o
    0x080017c0   0x080017c0   0x00000110   Code   RO         3610    i.HAL_UART_IRQHandler  stm32f4xx_hal_uart.o
    0x080018d0   0x080018d0   0x00000062   Code   RO         3611    i.HAL_UART_Init     stm32f4xx_hal_uart.o
    0x08001932   0x08001932   0x00000002   PAD
    0x08001934   0x08001934   0x000000c0   Code   RO          609    i.HAL_UART_MspInit  stm32f4xx_hal_msp.o
    0x080019f4   0x080019f4   0x00000002   Code   RO         3617    i.HAL_UART_RxCpltCallback  stm32f4xx_hal_uart.o
    0x080019f6   0x080019f6   0x000000ba   Code   RO         3619    i.HAL_UART_Transmit  stm32f4xx_hal_uart.o
    0x08001ab0   0x08001ab0   0x00000002   Code   RO         3622    i.HAL_UART_TxCpltCallback  stm32f4xx_hal_uart.o
    0x08001ab2   0x08001ab2   0x00000002   Code   RO          496    i.HardFault_Handler  stm32f4xx_it.o
    0x08001ab4   0x08001ab4   0x0000003e   Code   RO           14    i.LCD_Address_Set   oled.o
    0x08001af2   0x08001af2   0x00000028   Code   RO           15    i.LCD_Clear         oled.o
    0x08001b1a   0x08001b1a   0x00000016   Code   RO           17    i.LCD_DrawPoint     oled.o
    0x08001b30   0x08001b30   0x000000ac   Code   RO           21    i.LCD_ShowChar      oled.o
    0x08001bdc   0x08001bdc   0x0000006a   Code   RO           23    i.LCD_ShowNum       oled.o
    0x08001c46   0x08001c46   0x00000044   Code   RO           26    i.LCD_ShowString    oled.o
    0x08001c8a   0x08001c8a   0x00000002   PAD
    0x08001c8c   0x08001c8c   0x00000024   Code   RO           27    i.LCD_WR_DATA       oled.o
    0x08001cb0   0x08001cb0   0x0000001c   Code   RO           28    i.LCD_WR_DATA8      oled.o
    0x08001ccc   0x08001ccc   0x0000001c   Code   RO           29    i.LCD_WR_REG        oled.o
    0x08001ce8   0x08001ce8   0x00000058   Code   RO           30    i.LCD_Writ_Bus      oled.o
    0x08001d40   0x08001d40   0x00000254   Code   RO           31    i.Lcd_Init          oled.o
    0x08001f94   0x08001f94   0x000000f8   Code   RO          403    i.MX_GPIO_Init      main.o
    0x0800208c   0x0800208c   0x00000034   Code   RO          404    i.MX_SPI1_Init      main.o
    0x080020c0   0x080020c0   0x00000064   Code   RO          405    i.MX_TIM2_Init      main.o
    0x08002124   0x08002124   0x00000060   Code   RO          406    i.MX_TIM3_Init      main.o
    0x08002184   0x08002184   0x00000060   Code   RO          407    i.MX_TIM4_Init      main.o
    0x080021e4   0x080021e4   0x00000050   Code   RO          408    i.MX_TIM5_Init      main.o
    0x08002234   0x08002234   0x00000002   Code   RO          497    i.MemManage_Handler  stm32f4xx_it.o
    0x08002236   0x08002236   0x00000002   Code   RO          498    i.NMI_Handler       stm32f4xx_it.o
    0x08002238   0x08002238   0x00000002   Code   RO          499    i.PendSV_Handler    stm32f4xx_it.o
    0x0800223a   0x0800223a   0x00000024   Code   RO          708    i.SDIO_ConfigData   stm32f4xx_ll_sdmmc.o
    0x0800225e   0x0800225e   0x00000008   Code   RO          712    i.SDIO_GetPowerState  stm32f4xx_ll_sdmmc.o
    0x08002266   0x08002266   0x0000000c   Code   RO          713    i.SDIO_GetResponse  stm32f4xx_ll_sdmmc.o
    0x08002272   0x08002272   0x00000024   Code   RO          714    i.SDIO_Init         stm32f4xx_ll_sdmmc.o
    0x08002296   0x08002296   0x00000008   Code   RO          716    i.SDIO_PowerState_ON  stm32f4xx_ll_sdmmc.o
    0x0800229e   0x0800229e   0x00000006   Code   RO          717    i.SDIO_ReadFIFO     stm32f4xx_ll_sdmmc.o
    0x080022a4   0x080022a4   0x00000020   Code   RO          718    i.SDIO_SendCommand  stm32f4xx_ll_sdmmc.o
    0x080022c4   0x080022c4   0x00000032   Code   RO          721    i.SDMMC_CmdAppCommand  stm32f4xx_ll_sdmmc.o
    0x080022f6   0x080022f6   0x00000002   PAD
    0x080022f8   0x080022f8   0x00000034   Code   RO          722    i.SDMMC_CmdAppOperCommand  stm32f4xx_ll_sdmmc.o
    0x0800232c   0x0800232c   0x00000032   Code   RO          723    i.SDMMC_CmdBlockLength  stm32f4xx_ll_sdmmc.o
    0x0800235e   0x0800235e   0x00000032   Code   RO          724    i.SDMMC_CmdBusWidth  stm32f4xx_ll_sdmmc.o
    0x08002390   0x08002390   0x00000050   Code   RO          728    i.SDMMC_CmdGoIdleState  stm32f4xx_ll_sdmmc.o
    0x080023e0   0x080023e0   0x00000068   Code   RO          730    i.SDMMC_CmdOperCond  stm32f4xx_ll_sdmmc.o
    0x08002448   0x08002448   0x00000032   Code   RO          735    i.SDMMC_CmdSelDesel  stm32f4xx_ll_sdmmc.o
    0x0800247a   0x0800247a   0x0000002c   Code   RO          736    i.SDMMC_CmdSendCID  stm32f4xx_ll_sdmmc.o
    0x080024a6   0x080024a6   0x0000002c   Code   RO          737    i.SDMMC_CmdSendCSD  stm32f4xx_ll_sdmmc.o
    0x080024d2   0x080024d2   0x00000030   Code   RO          738    i.SDMMC_CmdSendSCR  stm32f4xx_ll_sdmmc.o
    0x08002502   0x08002502   0x00000030   Code   RO          740    i.SDMMC_CmdSetRelAdd  stm32f4xx_ll_sdmmc.o
    0x08002532   0x08002532   0x00000002   PAD
    0x08002534   0x08002534   0x0000011c   Code   RO          746    i.SDMMC_GetCmdResp1  stm32f4xx_ll_sdmmc.o
    0x08002650   0x08002650   0x00000050   Code   RO          747    i.SDMMC_GetCmdResp2  stm32f4xx_ll_sdmmc.o
    0x080026a0   0x080026a0   0x00000040   Code   RO          748    i.SDMMC_GetCmdResp3  stm32f4xx_ll_sdmmc.o
    0x080026e0   0x080026e0   0x00000084   Code   RO          749    i.SDMMC_GetCmdResp6  stm32f4xx_ll_sdmmc.o
    0x08002764   0x08002764   0x000000d4   Code   RO         2133    i.SD_FindSCR        stm32f4xx_hal_sd.o
    0x08002838   0x08002838   0x000000e6   Code   RO         2134    i.SD_InitCard       stm32f4xx_hal_sd.o
    0x0800291e   0x0800291e   0x000000a2   Code   RO         2135    i.SD_PowerON        stm32f4xx_hal_sd.o
    0x080029c0   0x080029c0   0x0000004e   Code   RO         2137    i.SD_WideBus_Disable  stm32f4xx_hal_sd.o
    0x08002a0e   0x08002a0e   0x0000004e   Code   RO         2138    i.SD_WideBus_Enable  stm32f4xx_hal_sd.o
    0x08002a5c   0x08002a5c   0x00000002   Code   RO          500    i.SVC_Handler       stm32f4xx_it.o
    0x08002a5e   0x08002a5e   0x00000004   Code   RO          501    i.SysTick_Handler   stm32f4xx_it.o
    0x08002a62   0x08002a62   0x00000002   PAD
    0x08002a64   0x08002a64   0x00000084   Code   RO          409    i.SystemClock_Config  main.o
    0x08002ae8   0x08002ae8   0x00000054   Code   RO         4389    i.SystemInit        system_stm32f4xx.o
    0x08002b3c   0x08002b3c   0x0000000c   Code   RO          502    i.TIM8_TRG_COM_TIM14_IRQHandler  stm32f4xx_it.o
    0x08002b48   0x08002b48   0x0000000c   Code   RO          503    i.TIM8_UP_TIM13_IRQHandler  stm32f4xx_it.o
    0x08002b54   0x08002b54   0x000000c8   Code   RO         2748    i.TIM_Base_SetConfig  stm32f4xx_hal_tim.o
    0x08002c1c   0x08002c1c   0x0000001a   Code   RO         2749    i.TIM_CCxChannelCmd  stm32f4xx_hal_tim.o
    0x08002c36   0x08002c36   0x00000014   Code   RO         2759    i.TIM_ETR_SetConfig  stm32f4xx_hal_tim.o
    0x08002c4a   0x08002c4a   0x00000010   Code   RO         2760    i.TIM_ITRx_SetConfig  stm32f4xx_hal_tim.o
    0x08002c5a   0x08002c5a   0x00000002   PAD
    0x08002c5c   0x08002c5c   0x00000060   Code   RO         2761    i.TIM_OC1_SetConfig  stm32f4xx_hal_tim.o
    0x08002cbc   0x08002cbc   0x0000006c   Code   RO         2762    i.TIM_OC2_SetConfig  stm32f4xx_hal_tim.o
    0x08002d28   0x08002d28   0x00000068   Code   RO         2763    i.TIM_OC3_SetConfig  stm32f4xx_hal_tim.o
    0x08002d90   0x08002d90   0x00000050   Code   RO         2764    i.TIM_OC4_SetConfig  stm32f4xx_hal_tim.o
    0x08002de0   0x08002de0   0x00000022   Code   RO         2766    i.TIM_TI1_ConfigInputStage  stm32f4xx_hal_tim.o
    0x08002e02   0x08002e02   0x00000024   Code   RO         2768    i.TIM_TI2_ConfigInputStage  stm32f4xx_hal_tim.o
    0x08002e26   0x08002e26   0x00000010   Code   RO         3624    i.UART_DMAAbortOnError  stm32f4xx_hal_uart.o
    0x08002e36   0x08002e36   0x0000001c   Code   RO         3634    i.UART_EndRxTransfer  stm32f4xx_hal_uart.o
    0x08002e52   0x08002e52   0x00000096   Code   RO         3636    i.UART_Receive_IT   stm32f4xx_hal_uart.o
    0x08002ee8   0x08002ee8   0x000002ac   Code   RO         3637    i.UART_SetConfig    stm32f4xx_hal_uart.o
    0x08003194   0x08003194   0x00000062   Code   RO         3638    i.UART_Transmit_IT  stm32f4xx_hal_uart.o
    0x080031f6   0x080031f6   0x00000064   Code   RO         3639    i.UART_WaitOnFlagUntilTimeout  stm32f4xx_hal_uart.o
    0x0800325a   0x0800325a   0x00000002   PAD
    0x0800325c   0x0800325c   0x0000000c   Code   RO          504    i.USART1_IRQHandler  stm32f4xx_it.o
    0x08003268   0x08003268   0x0000000c   Code   RO          505    i.USART2_IRQHandler  stm32f4xx_it.o
    0x08003274   0x08003274   0x00000074   Code   RO         4093    i.USB_CoreInit      stm32f4xx_ll_usb.o
    0x080032e8   0x080032e8   0x00000038   Code   RO         4094    i.USB_CoreReset     stm32f4xx_ll_usb.o
    0x08003320   0x08003320   0x0000000c   Code   RO         4101    i.USB_DisableGlobalInt  stm32f4xx_ll_usb.o
    0x0800332c   0x0800332c   0x0000002c   Code   RO         4103    i.USB_DriveVbus     stm32f4xx_ll_usb.o
    0x08003358   0x08003358   0x00000020   Code   RO         4110    i.USB_FlushRxFifo   stm32f4xx_ll_usb.o
    0x08003378   0x08003378   0x00000024   Code   RO         4111    i.USB_FlushTxFifo   stm32f4xx_ll_usb.o
    0x0800339c   0x0800339c   0x000000d8   Code   RO         4120    i.USB_HostInit      stm32f4xx_ll_usb.o
    0x08003474   0x08003474   0x0000002e   Code   RO         4129    i.USB_SetCurrentMode  stm32f4xx_ll_usb.o
    0x080034a2   0x080034a2   0x00000002   Code   RO          506    i.UsageFault_Handler  stm32f4xx_it.o
    0x080034a4   0x080034a4   0x00000020   Code   RO         1729    i.__NVIC_SetPriority  stm32f4xx_hal_cortex.o
    0x080034c4   0x080034c4   0x0000000e   Code   RO         4456    i.__scatterload_copy  mc_w.l(handlers.o)
    0x080034d2   0x080034d2   0x00000002   Code   RO         4457    i.__scatterload_null  mc_w.l(handlers.o)
    0x080034d4   0x080034d4   0x0000000e   Code   RO         4458    i.__scatterload_zeroinit  mc_w.l(handlers.o)
    0x080034e2   0x080034e2   0x00000002   PAD
    0x080034e4   0x080034e4   0x0000003c   Code   RO          269    i.keyvalue          key.o
    0x08003520   0x08003520   0x000001d4   Code   RO          410    i.main              main.o
    0x080036f4   0x080036f4   0x00000010   Code   RO           32    i.mypow             oled.o
    0x08003704   0x08003704   0x00000048   Code   RO          411    i.user_pwm_setvalue  main.o
    0x0800374c   0x0800374c   0x00001270   Data   RO           33    .constdata          oled.o
    0x080049bc   0x080049bc   0x00000010   Data   RO         4390    .constdata          system_stm32f4xx.o
    0x080049cc   0x080049cc   0x00000008   Data   RO         4391    .constdata          system_stm32f4xx.o
    0x080049d4   0x080049d4   0x00000020   Data   RO         4454    Region$$Table       anon$$obj.o


    Execution Region RW_IRAM1 (Exec base: 0x20000000, Load base: 0x080049f4, Size: 0x00000d38, Max: 0x00020000, ABSOLUTE, COMPRESSED[0x000001b8])

    Exec Addr    Load Addr    Size         Type   Attr      Idx    E Section Name        Object

    0x20000000   COMPRESSED   0x00000364   Data   RW           34    .data               oled.o
    0x20000364   COMPRESSED   0x00000002   Data   RW          270    .data               key.o
    0x20000366   COMPRESSED   0x00000002   PAD
    0x20000368   COMPRESSED   0x0000001d   Data   RW          413    .data               main.o
    0x20000385   COMPRESSED   0x00000003   PAD
    0x20000388   COMPRESSED   0x0000000c   Data   RW         1873    .data               stm32f4xx_hal.o
    0x20000394   COMPRESSED   0x00000004   Data   RW         4392    .data               system_stm32f4xx.o
    0x20000398        -       0x000005a0   Zero   RW          412    .bss                main.o
    0x20000938        -       0x00000400   Zero   RW            1    STACK               startup_stm32f407xx.o


==============================================================================

Image component sizes


      Code (inc. data)   RO Data    RW Data    ZI Data      Debug   Object Name

        60         18          0          2          0        730   key.o
      1444        126          0         29       1440       7718   main.o
      1262         34       4720        868          0     733212   oled.o
        36          8        392          0       1024        832   startup_stm32f407xx.o
       180         28          0         12          0       4553   stm32f4xx_hal.o
       198         14          0          0          0      33927   stm32f4xx_hal_cortex.o
        36          0          0          0          0       1203   stm32f4xx_hal_dma.o
       456         44          0          0          0       3029   stm32f4xx_hal_gpio.o
       114          0          0          0          0       1403   stm32f4xx_hal_hcd.o
      1012        120          0          0          0       6691   stm32f4xx_hal_msp.o
      1260         76          0          0          0       5124   stm32f4xx_hal_rcc.o
      1492          4          0          0          0       8304   stm32f4xx_hal_sd.o
       128          0          0          0          0       1159   stm32f4xx_hal_spi.o
      1922         90          0          0          0      17507   stm32f4xx_hal_tim.o
        70          0          0          0          0       2421   stm32f4xx_hal_tim_ex.o
      1638         14          0          0          0       9467   stm32f4xx_hal_uart.o
        68         24          0          0          0       5921   stm32f4xx_it.o
      1318         36          0          0          0      17496   stm32f4xx_ll_sdmmc.o
       558         40          0          0          0       6813   stm32f4xx_ll_usb.o
        84         18         24          4          0       1147   system_stm32f4xx.o

    ----------------------------------------------------------------------
     13358        694       5168        920       2464     868657   Object Totals
         0          0         32          0          0          0   (incl. Generated)
        22          0          0          5          0          0   (incl. Padding)

    ----------------------------------------------------------------------

      Code (inc. data)   RO Data    RW Data    ZI Data      Debug   Library Member Name

        86          0          0          0          0          0   __dczerorl2.o
         0          0          0          0          0          0   entry.o
         0          0          0          0          0          0   entry10a.o
         0          0          0          0          0          0   entry11a.o
         8          4          0          0          0          0   entry2.o
         4          0          0          0          0          0   entry5.o
         0          0          0          0          0          0   entry7b.o
         0          0          0          0          0          0   entry8b.o
         8          4          0          0          0          0   entry9a.o
        30          0          0          0          0          0   handlers.o
        36          8          0          0          0         68   init.o
        30          0          0          0          0         68   llshl.o
        32          0          0          0          0         68   llushr.o
        36          0          0          0          0         68   memcpya.o
        36          0          0          0          0        108   memseta.o
        98          0          0          0          0         92   uldiv.o

    ----------------------------------------------------------------------
       406         16          0          0          0        472   Library Totals
         2          0          0          0          0          0   (incl. Padding)

    ----------------------------------------------------------------------

      Code (inc. data)   RO Data    RW Data    ZI Data      Debug   Library Name

       404         16          0          0          0        472   mc_w.l

    ----------------------------------------------------------------------
       406         16          0          0          0        472   Library Totals

    ----------------------------------------------------------------------

==============================================================================


      Code (inc. data)   RO Data    RW Data    ZI Data      Debug   

     13764        710       5168        920       2464     855657   Grand Totals
     13764        710       5168        440       2464     855657   ELF Image Totals (compressed)
     13764        710       5168        440          0          0   ROM Totals

==============================================================================

    Total RO  Size (Code + RO Data)                18932 (  18.49kB)
    Total RW  Size (RW Data + ZI Data)              3384 (   3.30kB)
    Total ROM Size (Code + RO Data + RW Data)      19372 (  18.92kB)

==============================================================================

